Component: ARM Compiler 5.06 update 7 (build 960) Tool: armlink [4d3601]

==============================================================================

Section Cross References

    startup_stm32f40xx.o(RESET) refers to startup_stm32f40xx.o(STACK) for __initial_sp
    startup_stm32f40xx.o(RESET) refers to startup_stm32f40xx.o(.text) for Reset_Handler
    startup_stm32f40xx.o(RESET) refers to stm32f4xx_it.o(i.NMI_Handler) for NMI_Handler
    startup_stm32f40xx.o(RESET) refers to stm32f4xx_it.o(i.HardFault_Handler) for HardFault_Handler
    startup_stm32f40xx.o(RESET) refers to stm32f4xx_it.o(i.MemManage_Handler) for MemManage_Handler
    startup_stm32f40xx.o(RESET) refers to stm32f4xx_it.o(i.BusFault_Handler) for BusFault_Handler
    startup_stm32f40xx.o(RESET) refers to stm32f4xx_it.o(i.UsageFault_Handler) for UsageFault_Handler
    startup_stm32f40xx.o(RESET) refers to stm32f4xx_it.o(i.SVC_Handler) for SVC_Handler
    startup_stm32f40xx.o(RESET) refers to stm32f4xx_it.o(i.DebugMon_Handler) for DebugMon_Handler
    startup_stm32f40xx.o(RESET) refers to stm32f4xx_it.o(i.PendSV_Handler) for PendSV_Handler
    startup_stm32f40xx.o(RESET) refers to stm32f4xx_it.o(i.SysTick_Handler) for SysTick_Handler
    startup_stm32f40xx.o(RESET) refers to can.o(i.CAN1_RX0_IRQHandler) for CAN1_RX0_IRQHandler
    startup_stm32f40xx.o(RESET) refers to usart.o(i.UART5_IRQHandler) for UART5_IRQHandler
    startup_stm32f40xx.o(RESET) refers to rc.o(i.DMA2_Stream2_IRQHandler) for DMA2_Stream2_IRQHandler
    startup_stm32f40xx.o(RESET) refers to can.o(i.CAN2_RX0_IRQHandler) for CAN2_RX0_IRQHandler
    startup_stm32f40xx.o(RESET) refers to gimbal_tasks.o(i.USART6_IRQHandler) for USART6_IRQHandler
    startup_stm32f40xx.o(.text) refers to system_stm32f4xx.o(i.SystemInit) for SystemInit
    startup_stm32f40xx.o(.text) refers to entry.o(.ARM.Collect$$$$00000000) for __main
    main.o(i.main) refers to delay.o(i.delay_init) for delay_init
    main.o(i.main) refers to usart.o(i.uart_init) for uart_init
    main.o(i.main) refers to misc.o(i.NVIC_PriorityGroupConfig) for NVIC_PriorityGroupConfig
    main.o(i.main) refers to gimbal_tasks.o(i.gimbal_Init) for gimbal_Init
    main.o(i.main) refers to chassis_tasks.o(i.chassis_Init) for chassis_Init
    main.o(i.main) refers to delay.o(i.delay_ms) for delay_ms
    main.o(i.main) refers to rc.o(i.send_data_to_chassis) for send_data_to_chassis
    main.o(i.main) refers to gimbal_tasks.o(i.gimbal_move) for gimbal_move
    main.o(i.main) refers to gimbal_tasks.o(i.trigger_move) for trigger_move
    main.o(i.main) refers to chassis_tasks.o(i.chassis_move) for chassis_move
    main.o(i.main) refers to main.o(.data) for now_use
    main.o(i.main) refers to gimbal_tasks.o(.bss) for imu_buf
    main.o(i.main) refers to gimbal_tasks.o(.data) for last_pos_yaw
    main.o(i.main) refers to rc.o(.data) for rc_time
    system_stm32f4xx.o(i.SystemCoreClockUpdate) refers to system_stm32f4xx.o(.data) for SystemCoreClock
    system_stm32f4xx.o(i.SystemInit) refers to system_stm32f4xx.o(i.SetSysClock) for SetSysClock
    stm32f4xx_adc.o(i.ADC_DeInit) refers to stm32f4xx_rcc.o(i.RCC_APB2PeriphResetCmd) for RCC_APB2PeriphResetCmd
    stm32f4xx_can.o(i.CAN_DeInit) refers to stm32f4xx_rcc.o(i.RCC_APB1PeriphResetCmd) for RCC_APB1PeriphResetCmd
    stm32f4xx_can.o(i.CAN_GetITStatus) refers to stm32f4xx_can.o(i.CheckITStatus) for CheckITStatus
    stm32f4xx_cryp.o(i.CRYP_DeInit) refers to stm32f4xx_rcc.o(i.RCC_AHB2PeriphResetCmd) for RCC_AHB2PeriphResetCmd
    stm32f4xx_cryp_aes.o(i.CRYP_AES_CBC) refers to stm32f4xx_cryp.o(i.CRYP_KeyStructInit) for CRYP_KeyStructInit
    stm32f4xx_cryp_aes.o(i.CRYP_AES_CBC) refers to stm32f4xx_cryp.o(i.CRYP_FIFOFlush) for CRYP_FIFOFlush
    stm32f4xx_cryp_aes.o(i.CRYP_AES_CBC) refers to stm32f4xx_cryp.o(i.CRYP_Init) for CRYP_Init
    stm32f4xx_cryp_aes.o(i.CRYP_AES_CBC) refers to stm32f4xx_cryp.o(i.CRYP_KeyInit) for CRYP_KeyInit
    stm32f4xx_cryp_aes.o(i.CRYP_AES_CBC) refers to stm32f4xx_cryp.o(i.CRYP_Cmd) for CRYP_Cmd
    stm32f4xx_cryp_aes.o(i.CRYP_AES_CBC) refers to stm32f4xx_cryp.o(i.CRYP_GetFlagStatus) for CRYP_GetFlagStatus
    stm32f4xx_cryp_aes.o(i.CRYP_AES_CBC) refers to stm32f4xx_cryp.o(i.CRYP_IVInit) for CRYP_IVInit
    stm32f4xx_cryp_aes.o(i.CRYP_AES_CBC) refers to stm32f4xx_cryp.o(i.CRYP_GetCmdStatus) for CRYP_GetCmdStatus
    stm32f4xx_cryp_aes.o(i.CRYP_AES_CBC) refers to stm32f4xx_cryp.o(i.CRYP_DataIn) for CRYP_DataIn
    stm32f4xx_cryp_aes.o(i.CRYP_AES_CBC) refers to stm32f4xx_cryp.o(i.CRYP_DataOut) for CRYP_DataOut
    stm32f4xx_cryp_aes.o(i.CRYP_AES_CCM) refers to stm32f4xx_cryp.o(i.CRYP_KeyStructInit) for CRYP_KeyStructInit
    stm32f4xx_cryp_aes.o(i.CRYP_AES_CCM) refers to stm32f4xx_cryp.o(i.CRYP_FIFOFlush) for CRYP_FIFOFlush
    stm32f4xx_cryp_aes.o(i.CRYP_AES_CCM) refers to stm32f4xx_cryp.o(i.CRYP_KeyInit) for CRYP_KeyInit
    stm32f4xx_cryp_aes.o(i.CRYP_AES_CCM) refers to stm32f4xx_cryp.o(i.CRYP_IVInit) for CRYP_IVInit
[...]
    Removing stm32f4xx_tim.o(i.TIM_Cmd), (24 bytes).
    Removing stm32f4xx_tim.o(i.TIM_CounterModeConfig), (18 bytes).
    Removing stm32f4xx_tim.o(i.TIM_CtrlPWMOutputs), (30 bytes).
    Removing stm32f4xx_tim.o(i.TIM_DMACmd), (18 bytes).
    Removing stm32f4xx_tim.o(i.TIM_DMAConfig), (10 bytes).
    Removing stm32f4xx_tim.o(i.TIM_DeInit), (400 bytes).
    Removing stm32f4xx_tim.o(i.TIM_ETRClockMode1Config), (54 bytes).
    Removing stm32f4xx_tim.o(i.TIM_ETRClockMode2Config), (32 bytes).
    Removing stm32f4xx_tim.o(i.TIM_ETRConfig), (28 bytes).
    Removing stm32f4xx_tim.o(i.TIM_EncoderInterfaceConfig), (66 bytes).
    Removing stm32f4xx_tim.o(i.TIM_ForcedOC1Config), (18 bytes).
    Removing stm32f4xx_tim.o(i.TIM_ForcedOC2Config), (26 bytes).
    Removing stm32f4xx_tim.o(i.TIM_ForcedOC3Config), (18 bytes).
    Removing stm32f4xx_tim.o(i.TIM_ForcedOC4Config), (26 bytes).
    Removing stm32f4xx_tim.o(i.TIM_GenerateEvent), (4 bytes).
    Removing stm32f4xx_tim.o(i.TIM_GetCapture1), (6 bytes).
    Removing stm32f4xx_tim.o(i.TIM_GetCapture2), (6 bytes).
    Removing stm32f4xx_tim.o(i.TIM_GetCapture3), (6 bytes).
    Removing stm32f4xx_tim.o(i.TIM_GetCapture4), (6 bytes).
    Removing stm32f4xx_tim.o(i.TIM_GetCounter), (6 bytes).
    Removing stm32f4xx_tim.o(i.TIM_GetFlagStatus), (18 bytes).
    Removing stm32f4xx_tim.o(i.TIM_GetITStatus), (34 bytes).
    Removing stm32f4xx_tim.o(i.TIM_GetPrescaler), (6 bytes).
    Removing stm32f4xx_tim.o(i.TIM_ICInit), (110 bytes).
    Removing stm32f4xx_tim.o(i.TIM_ICStructInit), (18 bytes).
    Removing stm32f4xx_tim.o(i.TIM_ITConfig), (18 bytes).
    Removing stm32f4xx_tim.o(i.TIM_ITRxExternalClockConfig), (24 bytes).
    Removing stm32f4xx_tim.o(i.TIM_InternalClockConfig), (12 bytes).
    Removing stm32f4xx_tim.o(i.TIM_OC1FastConfig), (18 bytes).
    Removing stm32f4xx_tim.o(i.TIM_OC1Init), (124 bytes).
    Removing stm32f4xx_tim.o(i.TIM_OC1NPolarityConfig), (18 bytes).
    Removing stm32f4xx_tim.o(i.TIM_OC1PolarityConfig), (18 bytes).
    Removing stm32f4xx_tim.o(i.TIM_OC1PreloadConfig), (18 bytes).
    Removing stm32f4xx_tim.o(i.TIM_OC2FastConfig), (26 bytes).
    Removing stm32f4xx_tim.o(i.TIM_OC2Init), (164 bytes).
    Removing stm32f4xx_tim.o(i.TIM_OC2NPolarityConfig), (26 bytes).
    Removing stm32f4xx_tim.o(i.TIM_OC2PolarityConfig), (26 bytes).
    Removing stm32f4xx_tim.o(i.TIM_OC2PreloadConfig), (26 bytes).
    Removing stm32f4xx_tim.o(i.TIM_OC3FastConfig), (18 bytes).
    Removing stm32f4xx_tim.o(i.TIM_OC3Init), (160 bytes).
    Removing stm32f4xx_tim.o(i.TIM_OC3NPolarityConfig), (26 bytes).
    Removing stm32f4xx_tim.o(i.TIM_OC3PolarityConfig), (26 bytes).
    Removing stm32f4xx_tim.o(i.TIM_OC3PreloadConfig), (18 bytes).
    Removing stm32f4xx_tim.o(i.TIM_OC4FastConfig), (26 bytes).
    Removing stm32f4xx_tim.o(i.TIM_OC4Init), (120 bytes).
    Removing stm32f4xx_tim.o(i.TIM_OC4PolarityConfig), (26 bytes).
    Removing stm32f4xx_tim.o(i.TIM_OC4PreloadConfig), (26 bytes).
    Removing stm32f4xx_tim.o(i.TIM_OCStructInit), (20 bytes).
    Removing stm32f4xx_tim.o(i.TIM_PWMIConfig), (124 bytes).
    Removing stm32f4xx_tim.o(i.TIM_PrescalerConfig), (6 bytes).
    Removing stm32f4xx_tim.o(i.TIM_RemapConfig), (6 bytes).
    Removing stm32f4xx_tim.o(i.TIM_SelectCCDMA), (24 bytes).
    Removing stm32f4xx_tim.o(i.TIM_SelectCOM), (24 bytes).
    Removing stm32f4xx_tim.o(i.TIM_SelectHallSensor), (24 bytes).
    Removing stm32f4xx_tim.o(i.TIM_SelectInputTrigger), (18 bytes).
    Removing stm32f4xx_tim.o(i.TIM_SelectMasterSlaveMode), (18 bytes).
    Removing stm32f4xx_tim.o(i.TIM_SelectOCxM), (86 bytes).
    Removing stm32f4xx_tim.o(i.TIM_SelectOnePulseMode), (18 bytes).
    Removing stm32f4xx_tim.o(i.TIM_SelectOutputTrigger), (18 bytes).
    Removing stm32f4xx_tim.o(i.TIM_SelectSlaveMode), (18 bytes).
    Removing stm32f4xx_tim.o(i.TIM_SetAutoreload), (4 bytes).
    Removing stm32f4xx_tim.o(i.TIM_SetClockDivision), (18 bytes).
    Removing stm32f4xx_tim.o(i.TIM_SetCompare1), (4 bytes).
    Removing stm32f4xx_tim.o(i.TIM_SetCompare2), (4 bytes).
    Removing stm32f4xx_tim.o(i.TIM_SetCompare3), (4 bytes).
    Removing stm32f4xx_tim.o(i.TIM_SetCompare4), (4 bytes).
    Removing stm32f4xx_tim.o(i.TIM_SetCounter), (4 bytes).
    Removing stm32f4xx_tim.o(i.TIM_SetIC1Prescaler), (18 bytes).
    Removing stm32f4xx_tim.o(i.TIM_SetIC2Prescaler), (26 bytes).
    Removing stm32f4xx_tim.o(i.TIM_SetIC3Prescaler), (18 bytes).
    Removing stm32f4xx_tim.o(i.TIM_SetIC4Prescaler), (26 bytes).
    Removing stm32f4xx_tim.o(i.TIM_TIxExternalClockConfig), (62 bytes).
    Removing stm32f4xx_tim.o(i.TIM_TimeBaseInit), (132 bytes).
    Removing stm32f4xx_tim.o(i.TIM_TimeBaseStructInit), (18 bytes).
    Removing stm32f4xx_tim.o(i.TIM_UpdateDisableConfig), (24 bytes).
    Removing stm32f4xx_tim.o(i.TIM_UpdateRequestConfig), (24 bytes).
    Removing stm32f4xx_usart.o(.rev16_text), (4 bytes).
    Removing stm32f4xx_usart.o(.revsh_text), (4 bytes).
    Removing stm32f4xx_usart.o(i.USART_ClearITPendingBit), (30 bytes).
    Removing stm32f4xx_usart.o(i.USART_ClockInit), (32 bytes).
    Removing stm32f4xx_usart.o(i.USART_ClockStructInit), (12 bytes).
    Removing stm32f4xx_usart.o(i.USART_GetFlagStatus), (26 bytes).
    Removing stm32f4xx_usart.o(i.USART_HalfDuplexCmd), (24 bytes).
    Removing stm32f4xx_usart.o(i.USART_IrDACmd), (24 bytes).
    Removing stm32f4xx_usart.o(i.USART_IrDAConfig), (18 bytes).
    Removing stm32f4xx_usart.o(i.USART_LINBreakDetectLengthConfig), (18 bytes).
    Removing stm32f4xx_usart.o(i.USART_LINCmd), (24 bytes).
    Removing stm32f4xx_usart.o(i.USART_OneBitMethodCmd), (24 bytes).
    Removing stm32f4xx_usart.o(i.USART_OverSampling8Cmd), (22 bytes).
    Removing stm32f4xx_usart.o(i.USART_ReceiverWakeUpCmd), (24 bytes).
    Removing stm32f4xx_usart.o(i.USART_SendBreak), (10 bytes).
    Removing stm32f4xx_usart.o(i.USART_SendData), (8 bytes).
    Removing stm32f4xx_usart.o(i.USART_SetAddress), (18 bytes).
    Removing stm32f4xx_usart.o(i.USART_SetGuardTime), (16 bytes).
    Removing stm32f4xx_usart.o(i.USART_SetPrescaler), (16 bytes).
    Removing stm32f4xx_usart.o(i.USART_SmartCardCmd), (24 bytes).
    Removing stm32f4xx_usart.o(i.USART_SmartCardNACKCmd), (24 bytes).
    Removing stm32f4xx_usart.o(i.USART_StructInit), (24 bytes).
    Removing stm32f4xx_usart.o(i.USART_WakeUpConfig), (18 bytes).
    Removing stm32f4xx_wwdg.o(.rev16_text), (4 bytes).
    Removing stm32f4xx_wwdg.o(.revsh_text), (4 bytes).
    Removing stm32f4xx_wwdg.o(i.WWDG_ClearFlag), (12 bytes).
    Removing stm32f4xx_wwdg.o(i.WWDG_DeInit), (22 bytes).
    Removing stm32f4xx_wwdg.o(i.WWDG_Enable), (16 bytes).
    Removing stm32f4xx_wwdg.o(i.WWDG_EnableIT), (12 bytes).
    Removing stm32f4xx_wwdg.o(i.WWDG_GetFlagStatus), (20 bytes).
    Removing stm32f4xx_wwdg.o(i.WWDG_SetCounter), (16 bytes).
    Removing stm32f4xx_wwdg.o(i.WWDG_SetPrescaler), (24 bytes).
    Removing stm32f4xx_wwdg.o(i.WWDG_SetWindowValue), (40 bytes).
    Removing delay.o(.rev16_text), (4 bytes).
    Removing delay.o(.revsh_text), (4 bytes).
    Removing delay.o(i.delay_us), (76 bytes).
    Removing sys.o(.rev16_text), (4 bytes).
    Removing sys.o(.revsh_text), (4 bytes).
    Removing sys.o(.emb_text), (16 bytes).
    Removing usart.o(.rev16_text), (4 bytes).
    Removing usart.o(.revsh_text), (4 bytes).
    Removing usart.o(i.fputc), (36 bytes).
    Removing usart.o(i.sys_exit), (4 bytes).
    Removing usart.o(.bss), (200 bytes).
    Removing usart.o(.data), (8 bytes).
    Removing rc.o(.rev16_text), (4 bytes).
    Removing rc.o(.revsh_text), (4 bytes).
    Removing rc.o(i.RC_restart), (84 bytes).
    Removing rc.o(i.RC_unable), (16 bytes).
    Removing pid.o(.rev16_text), (4 bytes).
    Removing pid.o(.revsh_text), (4 bytes).
    Removing pid.o(i.PID_Change_Calc), (356 bytes).
    Removing pid.o(i.PID_clear), (76 bytes).
    Removing pid.o(i.averageFilter), (64 bytes).
    Removing pid.o(.bss), (20 bytes).
    Removing can.o(.rev16_text), (4 bytes).
    Removing can.o(.revsh_text), (4 bytes).
    Removing can.o(i.Motor_Measure_Point), (8 bytes).
    Removing led.o(.rev16_text), (4 bytes).
    Removing led.o(.revsh_text), (4 bytes).
    Removing chassis_tasks.o(.rev16_text), (4 bytes).
    Removing chassis_tasks.o(.revsh_text), (4 bytes).
    Removing gimbal_tasks.o(.rev16_text), (4 bytes).
    Removing gimbal_tasks.o(.revsh_text), (4 bytes).
    Removing gimbal_tasks.o(i.PID_OVER_ZERO_YAW), (88 bytes).
    Removing dneg.o(.text), (6 bytes).

782 unused section(s) (total 33804 bytes) removed from the image.

==============================================================================

Image Symbol Table

    Local Symbols

    Symbol Name                              Value     Ov Type        Size  Object(Section)

    ../clib/../cmprslib/zerorunl2.c          0x00000000   Number         0  __dczerorl2.o ABSOLUTE
    ../clib/microlib/errno.c                 0x00000000   Number         0  errno.o ABSOLUTE
    ../clib/microlib/init/entry.s            0x00000000   Number         0  entry10a.o ABSOLUTE
    ../clib/microlib/init/entry.s            0x00000000   Number         0  entry2.o ABSOLUTE
    ../clib/microlib/init/entry.s            0x00000000   Number         0  entry11b.o ABSOLUTE
    ../clib/microlib/init/entry.s            0x00000000   Number         0  entry9b.o ABSOLUTE
    ../clib/microlib/init/entry.s            0x00000000   Number         0  entry.o ABSOLUTE
    ../clib/microlib/init/entry.s            0x00000000   Number         0  entry8b.o ABSOLUTE
    ../clib/microlib/init/entry.s            0x00000000   Number         0  entry10b.o ABSOLUTE
    ../clib/microlib/init/entry.s            0x00000000   Number         0  entry5.o ABSOLUTE
    ../clib/microlib/init/entry.s            0x00000000   Number         0  entry7a.o ABSOLUTE
    ../clib/microlib/init/entry.s            0x00000000   Number         0  entry7b.o ABSOLUTE
    ../clib/microlib/init/entry.s            0x00000000   Number         0  entry8a.o ABSOLUTE
    ../clib/microlib/init/entry.s            0x00000000   Number         0  entry9a.o ABSOLUTE
    ../clib/microlib/init/entry.s            0x00000000   Number         0  entry11a.o ABSOLUTE
    ../clib/microlib/init/entry.s            0x00000000   Number         0  entry12b.o ABSOLUTE
    ../clib/microlib/init/entry.s            0x00000000   Number         0  entry12a.o ABSOLUTE
    ../clib/microlib/longlong.c              0x00000000   Number         0  llushr.o ABSOLUTE
    ../clib/microlib/longlong.c              0x00000000   Number         0  llsshr.o ABSOLUTE
    ../clib/microlib/longlong.c              0x00000000   Number         0  llshl.o ABSOLUTE
    ../clib/microlib/stubs.s                 0x00000000   Number         0  useno.o ABSOLUTE
    ../clib/microlib/stubs.s                 0x00000000   Number         0  iusefp.o ABSOLUTE
    ../fplib/microlib/d2f.c                  0x00000000   Number         0  d2f.o ABSOLUTE
    ../fplib/microlib/f2d.c                  0x00000000   Number         0  f2d.o ABSOLUTE
    ../fplib/microlib/fpadd.c                0x00000000   Number         0  dadd.o ABSOLUTE
    ../fplib/microlib/fpdiv.c                0x00000000   Number         0  ddiv.o ABSOLUTE
    ../fplib/microlib/fpepilogue.c           0x00000000   Number         0  depilogue.o ABSOLUTE
    ../fplib/microlib/fpepilogue.c           0x00000000   Number         0  fepilogue.o ABSOLUTE
    ../fplib/microlib/fpfix.c                0x00000000   Number         0  dfixi.o ABSOLUTE
    ../fplib/microlib/fpflt.c                0x00000000   Number         0  dflti.o ABSOLUTE
    ../fplib/microlib/fpflt.c                0x00000000   Number         0  dfltui.o ABSOLUTE
    ../fplib/microlib/fpmul.c                0x00000000   Number         0  dmul.o ABSOLUTE
    ../fplib/microlib/fpneg.c                0x00000000   Number         0  dneg.o ABSOLUTE
    ../mathlib/cos.c                         0x00000000   Number         0  cos_x.o ABSOLUTE
    ../mathlib/cos.c                         0x00000000   Number         0  cos.o ABSOLUTE
    ../mathlib/cos_i.c                       0x00000000   Number         0  cos_i.o ABSOLUTE
    ../mathlib/dunder.c                      0x00000000   Number         0  dunder.o ABSOLUTE
    ../mathlib/fabs.c                        0x00000000   Number         0  fabs.o ABSOLUTE
    ../mathlib/fpclassify.c                  0x00000000   Number         0  fpclassify.o ABSOLUTE
    ../mathlib/poly.c                        0x00000000   Number         0  poly.o ABSOLUTE
    ../mathlib/rred.c                        0x00000000   Number         0  rred.o ABSOLUTE
    ../mathlib/sin.c                         0x00000000   Number         0  sin_x.o ABSOLUTE
    ../mathlib/sin.c                         0x00000000   Number         0  sin.o ABSOLUTE
    ../mathlib/sin_i.c                       0x00000000   Number         0  sin_i.o ABSOLUTE
    ../mathlib/sin_i.c                       0x00000000   Number         0  sin_i_x.o ABSOLUTE
    ..\CORE\startup_stm32f40xx.s             0x00000000   Number         0  startup_stm32f40xx.o ABSOLUTE
    ..\FWLIB\src\misc.c                      0x00000000   Number         0  misc.o ABSOLUTE
    ..\FWLIB\src\stm32f4xx_adc.c             0x00000000   Number         0  stm32f4xx_adc.o ABSOLUTE
    ..\FWLIB\src\stm32f4xx_can.c             0x00000000   Number         0  stm32f4xx_can.o ABSOLUTE
    ..\FWLIB\src\stm32f4xx_crc.c             0x00000000   Number         0  stm32f4xx_crc.o ABSOLUTE
    ..\FWLIB\src\stm32f4xx_cryp.c            0x00000000   Number         0  stm32f4xx_cryp.o ABSOLUTE
    ..\FWLIB\src\stm32f4xx_cryp_aes.c        0x00000000   Number         0  stm32f4xx_cryp_aes.o ABSOLUTE
    ..\FWLIB\src\stm32f4xx_cryp_des.c        0x00000000   Number         0  stm32f4xx_cryp_des.o ABSOLUTE
    ..\FWLIB\src\stm32f4xx_cryp_tdes.c       0x00000000   Number         0  stm32f4xx_cryp_tdes.o ABSOLUTE
    ..\FWLIB\src\stm32f4xx_dac.c             0x00000000   Number         0  stm32f4xx_dac.o ABSOLUTE
    ..\FWLIB\src\stm32f4xx_dbgmcu.c          0x00000000   Number         0  stm32f4xx_dbgmcu.o ABSOLUTE
    ..\FWLIB\src\stm32f4xx_dcmi.c            0x00000000   Number         0  stm32f4xx_dcmi.o ABSOLUTE
    ..\FWLIB\src\stm32f4xx_dma.c             0x00000000   Number         0  stm32f4xx_dma.o ABSOLUTE
    ..\FWLIB\src\stm32f4xx_dma2d.c           0x00000000   Number         0  stm32f4xx_dma2d.o ABSOLUTE
    ..\FWLIB\src\stm32f4xx_exti.c            0x00000000   Number         0  stm32f4xx_exti.o ABSOLUTE
    ..\FWLIB\src\stm32f4xx_flash.c           0x00000000   Number         0  stm32f4xx_flash.o ABSOLUTE
    ..\FWLIB\src\stm32f4xx_flash_ramfunc.c   0x00000000   Number         0  stm32f4xx_flash_ramfunc.o ABSOLUTE
    ..\FWLIB\src\stm32f4xx_fsmc.c            0x00000000   Number         0  stm32f4xx_fsmc.o ABSOLUTE
    ..\FWLIB\src\stm32f4xx_gpio.c            0x00000000   Number         0  stm32f4xx_gpio.o ABSOLUTE
    ..\FWLIB\src\stm32f4xx_hash.c            0x00000000   Number         0  stm32f4xx_hash.o ABSOLUTE
    ..\FWLIB\src\stm32f4xx_hash_md5.c        0x00000000   Number         0  stm32f4xx_hash_md5.o ABSOLUTE
    ..\FWLIB\src\stm32f4xx_hash_sha1.c       0x00000000   Number         0  stm32f4xx_hash_sha1.o ABSOLUTE
    ..\FWLIB\src\stm32f4xx_i2c.c             0x00000000   Number         0  stm32f4xx_i2c.o ABSOLUTE
    ..\FWLIB\src\stm32f4xx_iwdg.c            0x00000000   Number         0  stm32f4xx_iwdg.o ABSOLUTE
    ..\FWLIB\src\stm32f4xx_ltdc.c            0x00000000   Number         0  stm32f4xx_ltdc.o ABSOLUTE
    ..\FWLIB\src\stm32f4xx_pwr.c             0x00000000   Number         0  stm32f4xx_pwr.o ABSOLUTE
    ..\FWLIB\src\stm32f4xx_rcc.c             0x00000000   Number         0  stm32f4xx_rcc.o ABSOLUTE
    ..\FWLIB\src\stm32f4xx_rng.c             0x00000000   Number         0  stm32f4xx_rng.o ABSOLUTE
    ..\FWLIB\src\stm32f4xx_rtc.c             0x00000000   Number         0  stm32f4xx_rtc.o ABSOLUTE
    ..\FWLIB\src\stm32f4xx_sai.c             0x00000000   Number         0  stm32f4xx_sai.o ABSOLUTE
    ..\FWLIB\src\stm32f4xx_sdio.c            0x00000000   Number         0  stm32f4xx_sdio.o ABSOLUTE
    ..\FWLIB\src\stm32f4xx_spi.c             0x00000000   Number         0  stm32f4xx_spi.o ABSOLUTE
    ..\FWLIB\src\stm32f4xx_syscfg.c          0x00000000   Number         0  stm32f4xx_syscfg.o ABSOLUTE
    ..\FWLIB\src\stm32f4xx_tim.c             0x00000000   Number         0  stm32f4xx_tim.o ABSOLUTE
    ..\FWLIB\src\stm32f4xx_usart.c           0x00000000   Number         0  stm32f4xx_usart.o ABSOLUTE
    ..\FWLIB\src\stm32f4xx_wwdg.c            0x00000000   Number         0  stm32f4xx_wwdg.o ABSOLUTE
    ..\HARDWARE\CAN.c                        0x00000000   Number         0  can.o ABSOLUTE
    ..\HARDWARE\LED.c                        0x00000000   Number         0  led.o ABSOLUTE
    ..\HARDWARE\PID.c                        0x00000000   Number         0  pid.o ABSOLUTE
    ..\HARDWARE\RC.c                         0x00000000   Number         0  rc.o ABSOLUTE
    ..\HARDWARE\gimbal_tasks.c               0x00000000   Number         0  gimbal_tasks.o ABSOLUTE
    ..\SYSTEM\delay\delay.c                  0x00000000   Number         0  delay.o ABSOLUTE
    ..\SYSTEM\sys\sys.c                      0x00000000   Number         0  sys.o ABSOLUTE
    ..\SYSTEM\usart\usart.c                  0x00000000   Number         0  usart.o ABSOLUTE
    ..\\FWLIB\\src\\misc.c                   0x00000000   Number         0  misc.o ABSOLUTE
    ..\\FWLIB\\src\\stm32f4xx_adc.c          0x00000000   Number         0  stm32f4xx_adc.o ABSOLUTE
    ..\\FWLIB\\src\\stm32f4xx_can.c          0x00000000   Number         0  stm32f4xx_can.o ABSOLUTE
    ..\\FWLIB\\src\\stm32f4xx_crc.c          0x00000000   Number         0  stm32f4xx_crc.o ABSOLUTE
    ..\\FWLIB\\src\\stm32f4xx_cryp.c         0x00000000   Number         0  stm32f4xx_cryp.o ABSOLUTE
    ..\\FWLIB\\src\\stm32f4xx_cryp_aes.c     0x00000000   Number         0  stm32f4xx_cryp_aes.o ABSOLUTE
    ..\\FWLIB\\src\\stm32f4xx_cryp_des.c     0x00000000   Number         0  stm32f4xx_cryp_des.o ABSOLUTE
    ..\\FWLIB\\src\\stm32f4xx_cryp_tdes.c    0x00000000   Number         0  stm32f4xx_cryp_tdes.o ABSOLUTE
    ..\\FWLIB\\src\\stm32f4xx_dac.c          0x00000000   Number         0  stm32f4xx_dac.o ABSOLUTE
    ..\\FWLIB\\src\\stm32f4xx_dbgmcu.c       0x00000000   Number         0  stm32f4xx_dbgmcu.o ABSOLUTE
    ..\\FWLIB\\src\\stm32f4xx_dcmi.c         0x00000000   Number         0  stm32f4xx_dcmi.o ABSOLUTE
    ..\\FWLIB\\src\\stm32f4xx_dma.c          0x00000000   Number         0  stm32f4xx_dma.o ABSOLUTE
    ..\\FWLIB\\src\\stm32f4xx_dma2d.c        0x00000000   Number         0  stm32f4xx_dma2d.o ABSOLUTE
    ..\\FWLIB\\src\\stm32f4xx_exti.c         0x00000000   Number         0  stm32f4xx_exti.o ABSOLUTE
    ..\\FWLIB\\src\\stm32f4xx_flash.c        0x00000000   Number         0  stm32f4xx_flash.o ABSOLUTE
    ..\\FWLIB\\src\\stm32f4xx_flash_ramfunc.c 0x00000000   Number         0  stm32f4xx_flash_ramfunc.o ABSOLUTE
    ..\\FWLIB\\src\\stm32f4xx_fsmc.c         0x00000000   Number         0  stm32f4xx_fsmc.o ABSOLUTE
    ..\\FWLIB\\src\\stm32f4xx_gpio.c         0x00000000   Number         0  stm32f4xx_gpio.o ABSOLUTE
    ..\\FWLIB\\src\\stm32f4xx_hash.c         0x00000000   Number         0  stm32f4xx_hash.o ABSOLUTE
    ..\\FWLIB\\src\\stm32f4xx_hash_md5.c     0x00000000   Number         0  stm32f4xx_hash_md5.o ABSOLUTE
    ..\\FWLIB\\src\\stm32f4xx_hash_sha1.c    0x00000000   Number         0  stm32f4xx_hash_sha1.o ABSOLUTE
    ..\\FWLIB\\src\\stm32f4xx_i2c.c          0x00000000   Number         0  stm32f4xx_i2c.o ABSOLUTE
    ..\\FWLIB\\src\\stm32f4xx_iwdg.c         0x00000000   Number         0  stm32f4xx_iwdg.o ABSOLUTE
    ..\\FWLIB\\src\\stm32f4xx_ltdc.c         0x00000000   Number         0  stm32f4xx_ltdc.o ABSOLUTE
    ..\\FWLIB\\src\\stm32f4xx_pwr.c          0x00000000   Number         0  stm32f4xx_pwr.o ABSOLUTE
    ..\\FWLIB\\src\\stm32f4xx_rcc.c          0x00000000   Number         0  stm32f4xx_rcc.o ABSOLUTE
    ..\\FWLIB\\src\\stm32f4xx_rng.c          0x00000000   Number         0  stm32f4xx_rng.o ABSOLUTE
    ..\\FWLIB\\src\\stm32f4xx_rtc.c          0x00000000   Number         0  stm32f4xx_rtc.o ABSOLUTE
    ..\\FWLIB\\src\\stm32f4xx_sai.c          0x00000000   Number         0  stm32f4xx_sai.o ABSOLUTE
    ..\\FWLIB\\src\\stm32f4xx_sdio.c         0x00000000   Number         0  stm32f4xx_sdio.o ABSOLUTE
    ..\\FWLIB\\src\\stm32f4xx_spi.c          0x00000000   Number         0  stm32f4xx_spi.o ABSOLUTE
    ..\\FWLIB\\src\\stm32f4xx_syscfg.c       0x00000000   Number         0  stm32f4xx_syscfg.o ABSOLUTE
    ..\\FWLIB\\src\\stm32f4xx_tim.c          0x00000000   Number         0  stm32f4xx_tim.o ABSOLUTE
    ..\\FWLIB\\src\\stm32f4xx_usart.c        0x00000000   Number         0  stm32f4xx_usart.o ABSOLUTE
    ..\\FWLIB\\src\\stm32f4xx_wwdg.c         0x00000000   Number         0  stm32f4xx_wwdg.o ABSOLUTE
    ..\\HARDWARE\\CAN.c                      0x00000000   Number         0  can.o ABSOLUTE
    ..\\HARDWARE\\LED.c                      0x00000000   Number         0  led.o ABSOLUTE
    ..\\HARDWARE\\PID.c                      0x00000000   Number         0  pid.o ABSOLUTE
    ..\\HARDWARE\\RC.c                       0x00000000   Number         0  rc.o ABSOLUTE
    ..\\HARDWARE\\gimbal_tasks.c             0x00000000   Number         0  gimbal_tasks.o ABSOLUTE
    ..\\SYSTEM\\delay\\delay.c               0x00000000   Number         0  delay.o ABSOLUTE
    ..\\SYSTEM\\sys\\sys.c                   0x00000000   Number         0  sys.o ABSOLUTE
    ..\\SYSTEM\\usart\\usart.c               0x00000000   Number         0  usart.o ABSOLUTE
    chassis_tasks.c                          0x00000000   Number         0  chassis_tasks.o ABSOLUTE
    chassis_tasks.c                          0x00000000   Number         0  chassis_tasks.o ABSOLUTE
    dc.s                                     0x00000000   Number         0  dc.o ABSOLUTE
    handlers.s                               0x00000000   Number         0  handlers.o ABSOLUTE
    init.s                                   0x00000000   Number         0  init.o ABSOLUTE
    main.c                                   0x00000000   Number         0  main.o ABSOLUTE
    main.c                                   0x00000000   Number         0  main.o ABSOLUTE
    stm32f4xx_it.c                           0x00000000   Number         0  stm32f4xx_it.o ABSOLUTE
    stm32f4xx_it.c                           0x00000000   Number         0  stm32f4xx_it.o ABSOLUTE
    system_stm32f4xx.c                       0x00000000   Number         0  system_stm32f4xx.o ABSOLUTE
    system_stm32f4xx.c                       0x00000000   Number         0  system_stm32f4xx.o ABSOLUTE
    RESET                                    0x08000000   Section      392  startup_stm32f40xx.o(RESET)
    .ARM.Collect$$$$00000000                 0x08000188   Section        0  entry.o(.ARM.Collect$$$$00000000)
    .ARM.Collect$$$$00000001                 0x08000188   Section        4  entry2.o(.ARM.Collect$$$$00000001)
    .ARM.Collect$$$$00000004                 0x0800018c   Section        4  entry5.o(.ARM.Collect$$$$00000004)
    .ARM.Collect$$$$00000008                 0x08000190   Section        0  entry7b.o(.ARM.Collect$$$$00000008)
    .ARM.Collect$$$$0000000A                 0x08000190   Section        0  entry8b.o(.ARM.Collect$$$$0000000A)
    .ARM.Collect$$$$0000000B                 0x08000190   Section        8  entry9a.o(.ARM.Collect$$$$0000000B)
    .ARM.Collect$$$$0000000E                 0x08000198   Section        4  entry12b.o(.ARM.Collect$$$$0000000E)
    .ARM.Collect$$$$0000000F                 0x0800019c   Section        0  entry10a.o(.ARM.Collect$$$$0000000F)
    .ARM.Collect$$$$00000011                 0x0800019c   Section        0  entry11a.o(.ARM.Collect$$$$00000011)
    .ARM.Collect$$$$00002712                 0x0800019c   Section        4  entry2.o(.ARM.Collect$$$$00002712)
    __lit__00000000                          0x0800019c   Data           4  entry2.o(.ARM.Collect$$$$00002712)
    .text                                    0x080001a0   Section       36  startup_stm32f40xx.o(.text)
    $v0                                      0x080001a0   Number         0  startup_stm32f40xx.o(.text)
    .text                                    0x080001c4   Section        0  dadd.o(.text)
    .text                                    0x08000312   Section        0  dmul.o(.text)
    .text                                    0x080003f6   Section        0  ddiv.o(.text)
    .text                                    0x080004d4   Section        0  f2d.o(.text)
    .text                                    0x080004fa   Section        0  d2f.o(.text)
    .text                                    0x08000532   Section        0  llshl.o(.text)
    .text                                    0x08000550   Section        0  llsshr.o(.text)
    .text                                    0x08000574   Section        0  fepilogue.o(.text)
    .text                                    0x08000574   Section        0  iusefp.o(.text)
    .text                                    0x080005e2   Section        0  depilogue.o(.text)
    .text                                    0x0800069c   Section       36  init.o(.text)
    .text                                    0x080006c0   Section        0  llushr.o(.text)
    .text                                    0x080006e0   Section        0  dflti.o(.text)
    .text                                    0x08000702   Section        0  dfltui.o(.text)
    .text                                    0x0800071c   Section        0  dfixi.o(.text)
    .text                                    0x0800075a   Section        0  __dczerorl2.o(.text)
    i.BusFault_Handler                       0x080007b0   Section        0  stm32f4xx_it.o(i.BusFault_Handler)
    i.CAN1_CHASSIS_MOTOR_TRANSMIT            0x080007b4   Section        0  can.o(i.CAN1_CHASSIS_MOTOR_TRANSMIT)
    i.CAN1_GIMBAL_PITCH_TRIGGER_TRANSMIT     0x08000800   Section        0  can.o(i.CAN1_GIMBAL_PITCH_TRIGGER_TRANSMIT)
    i.CAN1_RX0_IRQHandler                    0x08000844   Section        0  can.o(i.CAN1_RX0_IRQHandler)
    i.CAN1_mode_init                         0x08000b84   Section        0  can.o(i.CAN1_mode_init)
    i.CAN2_GIMBAL_YAW_TRANSMIT               0x08000c78   Section        0  can.o(i.CAN2_GIMBAL_YAW_TRANSMIT)
    i.CAN2_RC_TRANSMIT                       0x08000cbc   Section        0  can.o(i.CAN2_RC_TRANSMIT)
    i.CAN2_RX0_IRQHandler                    0x08000d4c   Section        0  can.o(i.CAN2_RX0_IRQHandler)
    i.CAN2_mode_init                         0x08000dbc   Section        0  can.o(i.CAN2_mode_init)
    i.CAN_ClearITPendingBit                  0x08000eb8   Section        0  stm32f4xx_can.o(i.CAN_ClearITPendingBit)
    i.CAN_FilterInit                         0x08000f60   Section        0  stm32f4xx_can.o(i.CAN_FilterInit)
    i.CAN_GetITStatus                        0x08001068   Section        0  stm32f4xx_can.o(i.CAN_GetITStatus)
    i.CAN_ITConfig                           0x08001188   Section        0  stm32f4xx_can.o(i.CAN_ITConfig)
    i.CAN_Init                               0x0800119a   Section        0  stm32f4xx_can.o(i.CAN_Init)
    i.CAN_Receive                            0x080012ae   Section        0  stm32f4xx_can.o(i.CAN_Receive)
    i.CAN_Transmit                           0x0800139e   Section        0  stm32f4xx_can.o(i.CAN_Transmit)
    i.CAN_TransmitStatus                     0x080014c4   Section        0  stm32f4xx_can.o(i.CAN_TransmitStatus)
    i.CheckITStatus                          0x08001564   Section        0  stm32f4xx_can.o(i.CheckITStatus)
    CheckITStatus                            0x08001565   Thumb Code    18  stm32f4xx_can.o(i.CheckITStatus)
    i.DMA2_Stream2_IRQHandler                0x08001578   Section        0  rc.o(i.DMA2_Stream2_IRQHandler)
    i.DMA_ClearFlag                          0x08001628   Section        0  stm32f4xx_dma.o(i.DMA_ClearFlag)
    i.DMA_ClearITPendingBit                  0x0800165c   Section        0  stm32f4xx_dma.o(i.DMA_ClearITPendingBit)
    i.DMA_Cmd                                0x08001690   Section        0  stm32f4xx_dma.o(i.DMA_Cmd)
    i.DMA_DeInit                             0x080016a8   Section        0  stm32f4xx_dma.o(i.DMA_DeInit)
    i.DMA_GetITStatus                        0x08001800   Section        0  stm32f4xx_dma.o(i.DMA_GetITStatus)
    i.DMA_ITConfig                           0x08001864   Section        0  stm32f4xx_dma.o(i.DMA_ITConfig)
    i.DMA_Init                               0x080018a0   Section        0  stm32f4xx_dma.o(i.DMA_Init)
    i.DebugMon_Handler                       0x080018f8   Section        0  stm32f4xx_it.o(i.DebugMon_Handler)
    i.GPIO_Init                              0x080018fa   Section        0  stm32f4xx_gpio.o(i.GPIO_Init)
    i.GPIO_PinAFConfig                       0x0800198a   Section        0  stm32f4xx_gpio.o(i.GPIO_PinAFConfig)
    i.GPIO_SetBits                           0x080019d0   Section        0  stm32f4xx_gpio.o(i.GPIO_SetBits)
    i.HardFault_Handler                      0x080019d4   Section        0  stm32f4xx_it.o(i.HardFault_Handler)
    i.LED_Init                               0x080019d8   Section        0  led.o(i.LED_Init)
    i.MemManage_Handler                      0x08001a40   Section        0  stm32f4xx_it.o(i.MemManage_Handler)
    i.NMI_Handler                            0x08001a44   Section        0  stm32f4xx_it.o(i.NMI_Handler)
    i.NVIC_Init                              0x08001a48   Section        0  misc.o(i.NVIC_Init)
    i.NVIC_PriorityGroupConfig               0x08001ac0   Section        0  misc.o(i.NVIC_PriorityGroupConfig)
    i.PID_Calc                               0x08001ad4   Section        0  pid.o(i.PID_Calc)
    i.PID_Init                               0x08001be8   Section        0  pid.o(i.PID_Init)
    i.PID_OVER_ZERO                          0x08001c34   Section        0  chassis_tasks.o(i.PID_OVER_ZERO)
    i.PID_OVER_ZERO_IMU                      0x08001c60   Section        0  gimbal_tasks.o(i.PID_OVER_ZERO_IMU)
    i.PendSV_Handler                         0x08001cc4   Section        0  stm32f4xx_it.o(i.PendSV_Handler)
    i.RCC_AHB1PeriphClockCmd                 0x08001cc8   Section        0  stm32f4xx_rcc.o(i.RCC_AHB1PeriphClockCmd)
    i.RCC_APB1PeriphClockCmd                 0x08001ce8   Section        0  stm32f4xx_rcc.o(i.RCC_APB1PeriphClockCmd)
    i.RCC_APB1PeriphResetCmd                 0x08001d08   Section        0  stm32f4xx_rcc.o(i.RCC_APB1PeriphResetCmd)
    i.RCC_APB2PeriphClockCmd                 0x08001d28   Section        0  stm32f4xx_rcc.o(i.RCC_APB2PeriphClockCmd)
    i.RCC_APB2PeriphResetCmd                 0x08001d48   Section        0  stm32f4xx_rcc.o(i.RCC_APB2PeriphResetCmd)
    i.RCC_GetClocksFreq                      0x08001d68   Section        0  stm32f4xx_rcc.o(i.RCC_GetClocksFreq)
    i.RC_Init                                0x08001e50   Section        0  rc.o(i.RC_Init)
    i.SVC_Handler                            0x08001f74   Section        0  stm32f4xx_it.o(i.SVC_Handler)
    i.SetSysClock                            0x08001f78   Section        0  system_stm32f4xx.o(i.SetSysClock)
    SetSysClock                              0x08001f79   Thumb Code   220  system_stm32f4xx.o(i.SetSysClock)
    i.SysTick_CLKSourceConfig                0x08002064   Section        0  misc.o(i.SysTick_CLKSourceConfig)
    i.SysTick_Handler                        0x0800208c   Section        0  stm32f4xx_it.o(i.SysTick_Handler)
    i.SystemInit                             0x08002090   Section        0  system_stm32f4xx.o(i.SystemInit)
    i.UART5_IRQHandler                       0x080020f8   Section        0  usart.o(i.UART5_IRQHandler)
    i.USART6_IRQHandler                      0x08002114   Section        0  gimbal_tasks.o(i.USART6_IRQHandler)
    i.USART_ClearFlag                        0x080021b4   Section        0  stm32f4xx_usart.o(i.USART_ClearFlag)
    i.USART_Cmd                              0x080021c6   Section        0  stm32f4xx_usart.o(i.USART_Cmd)
    i.USART_DMACmd                           0x080021de   Section        0  stm32f4xx_usart.o(i.USART_DMACmd)
    i.USART_DeInit                           0x080021f0   Section        0  stm32f4xx_usart.o(i.USART_DeInit)
    i.USART_GetITStatus                      0x080022e0   Section        0  stm32f4xx_usart.o(i.USART_GetITStatus)
    i.USART_ITConfig                         0x08002334   Section        0  stm32f4xx_usart.o(i.USART_ITConfig)
    i.USART_Init                             0x08002380   Section        0  stm32f4xx_usart.o(i.USART_Init)
    i.USART_ReceiveData                      0x08002454   Section        0  stm32f4xx_usart.o(i.USART_ReceiveData)
    i.UsageFault_Handler                     0x0800245e   Section        0  stm32f4xx_it.o(i.UsageFault_Handler)
    i.__ARM_fpclassify                       0x08002462   Section        0  fpclassify.o(i.__ARM_fpclassify)
    i.__hardfp_cos                           0x08002498   Section        0  cos.o(i.__hardfp_cos)
    i.__hardfp_sin                           0x08002560   Section        0  sin.o(i.__hardfp_sin)
    i.__ieee754_rem_pio2                     0x08002628   Section        0  rred.o(i.__ieee754_rem_pio2)
    i.__kernel_cos                           0x08002a60   Section        0  cos_i.o(i.__kernel_cos)
    i.__kernel_poly                          0x08002bd0   Section        0  poly.o(i.__kernel_poly)
    i.__kernel_sin                           0x08002cc8   Section        0  sin_i.o(i.__kernel_sin)
    i.__mathlib_dbl_infnan                   0x08002df8   Section        0  dunder.o(i.__mathlib_dbl_infnan)
    i.__mathlib_dbl_invalid                  0x08002e10   Section        0  dunder.o(i.__mathlib_dbl_invalid)
    i.__mathlib_dbl_underflow                0x08002e30   Section        0  dunder.o(i.__mathlib_dbl_underflow)
    i.__scatterload_copy                     0x08002e50   Section       14  handlers.o(i.__scatterload_copy)
    i.__scatterload_null                     0x08002e5e   Section        2  handlers.o(i.__scatterload_null)
    i.__scatterload_zeroinit                 0x08002e60   Section       14  handlers.o(i.__scatterload_zeroinit)
    i.__set_errno                            0x08002e70   Section        0  errno.o(i.__set_errno)
    i.chassis_Init                           0x08002e7c   Section        0  chassis_tasks.o(i.chassis_Init)
    i.chassis_move                           0x0800305c   Section        0  chassis_tasks.o(i.chassis_move)
    i.delay_init                             0x08003a0c   Section        0  delay.o(i.delay_init)
    i.delay_ms                               0x08003a48   Section        0  delay.o(i.delay_ms)
    i.delay_xms                              0x08003a80   Section        0  delay.o(i.delay_xms)
    i.fabs                                   0x08003acc   Section        0  fabs.o(i.fabs)
    i.get_pitch_yaw_measure                  0x08003ae4   Section        0  can.o(i.get_pitch_yaw_measure)
    i.get_rc_measure                         0x08003b70   Section        0  can.o(i.get_rc_measure)
    i.get_trigger_measure                    0x08003bc8   Section        0  can.o(i.get_trigger_measure)
    i.gimbal_Init                            0x08003c44   Section        0  gimbal_tasks.o(i.gimbal_Init)
    i.gimbal_move                            0x08003e00   Section        0  gimbal_tasks.o(i.gimbal_move)
    i.imu_Init                               0x08004100   Section        0  gimbal_tasks.o(i.imu_Init)
    i.main                                   0x080041dc   Section        0  main.o(i.main)
    i.send_data_to_chassis                   0x080042b4   Section        0  rc.o(i.send_data_to_chassis)
    i.trans_data                             0x080042c4   Section        0  gimbal_tasks.o(i.trans_data)
    i.trigger_move                           0x08004354   Section        0  gimbal_tasks.o(i.trigger_move)
    i.uart_init                              0x08004738   Section        0  usart.o(i.uart_init)
    .constdata                               0x08004818   Section       48  cos_i.o(.constdata)
    C                                        0x08004818   Data          48  cos_i.o(.constdata)
    .constdata                               0x08004848   Section      200  rred.o(.constdata)
    pio2s                                    0x08004848   Data          48  rred.o(.constdata)
    twooverpi                                0x08004878   Data         152  rred.o(.constdata)
    .constdata                               0x08004910   Section       40  sin_i.o(.constdata)
    S                                        0x08004910   Data          40  sin_i.o(.constdata)
    .data                                    0x20000000   Section        1  main.o(.data)
    .data                                    0x20000001   Section       16  stm32f4xx_rcc.o(.data)
    APBAHBPrescTable                         0x20000001   Data          16  stm32f4xx_rcc.o(.data)
    .data                                    0x20000012   Section        4  delay.o(.data)
    fac_us                                   0x20000012   Data           1  delay.o(.data)
    fac_ms                                   0x20000014   Data           2  delay.o(.data)
    .data                                    0x20000018   Section        8  rc.o(.data)
    .data                                    0x20000020   Section        1  can.o(.data)
    .data                                    0x20000024   Section       84  chassis_tasks.o(.data)
    .data                                    0x20000078   Section      196  gimbal_tasks.o(.data)
    .data                                    0x2000013c   Section        4  errno.o(.data)
    _errno                                   0x2000013c   Data           4  errno.o(.data)
    .bss                                     0x20000140   Section       25  rc.o(.bss)
    .bss                                     0x2000015c   Section      240  can.o(.bss)
    rx1_message                              0x200001d4   Data          20  can.o(.bss)
    rx2_message                              0x200001e8   Data          20  can.o(.bss)
    TxMessage                                0x200001fc   Data          20  can.o(.bss)
    TxMessage                                0x20000210   Data          20  can.o(.bss)
    TxMessage                                0x20000224   Data          20  can.o(.bss)
    TxMessage                                0x20000238   Data          20  can.o(.bss)
    .bss                                     0x2000024c   Section      904  chassis_tasks.o(.bss)
    .bss                                     0x200005d4   Section      642  gimbal_tasks.o(.bss)
    STACK                                    0x20000858   Section     1024  startup_stm32f40xx.o(STACK)

    Global Symbols

    Symbol Name                              Value     Ov Type        Size  Object(Section)

    BuildAttributes$$THM_ISAv4$E$P$D$K$B$S$7EM$VFPi3$EXTD16$VFPS$VFMA$PE$A:L22UL41UL21$X:L11$S22US41US21$IEEE1$IW$USESV6$~STKCKD$USESV7$~SHL$OTIME$ROPI$IEEEX$EBA8$MICROLIB$REQ8$PRES8$EABIv2 0x00000000   Number         0  anon$$obj.o ABSOLUTE
    __ARM_use_no_argv                        0x00000000   Number         0  main.o ABSOLUTE
    __use_no_errno                           0x00000000   Number         0  useno.o ABSOLUTE
    __use_no_exception_handling              0x00000000   Number         0  useno.o ABSOLUTE
    __use_no_fp                              0x00000000   Number         0  useno.o ABSOLUTE
    __use_no_heap                            0x00000000   Number         0  useno.o ABSOLUTE
    __use_no_heap_region                     0x00000000   Number         0  useno.o ABSOLUTE
    __use_no_semihosting                     0x00000000   Number         0  useno.o ABSOLUTE
    __use_no_semihosting_swi                 0x00000000   Number         0  useno.o ABSOLUTE
    __use_no_signal_handling                 0x00000000   Number         0  useno.o ABSOLUTE
    __arm_fini_                               - Undefined Weak Reference
    __cpp_initialize__aeabi_                  - Undefined Weak Reference
    __cxa_finalize                            - Undefined Weak Reference
    _clock_init                               - Undefined Weak Reference
    _microlib_exit                            - Undefined Weak Reference
    __Vectors_Size                           0x00000188   Number         0  startup_stm32f40xx.o ABSOLUTE
    __Vectors                                0x08000000   Data           4  startup_stm32f40xx.o(RESET)
    __Vectors_End                            0x08000188   Data           0  startup_stm32f40xx.o(RESET)
    __main                                   0x08000189   Thumb Code     0  entry.o(.ARM.Collect$$$$00000000)
    _main_stk                                0x08000189   Thumb Code     0  entry2.o(.ARM.Collect$$$$00000001)
    _main_scatterload                        0x0800018d   Thumb Code     0  entry5.o(.ARM.Collect$$$$00000004)
    __main_after_scatterload                 0x08000191   Thumb Code     0  entry5.o(.ARM.Collect$$$$00000004)
    _main_clock                              0x08000191   Thumb Code     0  entry7b.o(.ARM.Collect$$$$00000008)
    _main_cpp_init                           0x08000191   Thumb Code     0  entry8b.o(.ARM.Collect$$$$0000000A)
    _main_init                               0x08000191   Thumb Code     0  entry9a.o(.ARM.Collect$$$$0000000B)
    __rt_lib_shutdown_fini                   0x08000199   Thumb Code     0  entry12b.o(.ARM.Collect$$$$0000000E)
    __rt_final_cpp                           0x0800019d   Thumb Code     0  entry10a.o(.ARM.Collect$$$$0000000F)
    __rt_final_exit                          0x0800019d   Thumb Code     0  entry11a.o(.ARM.Collect$$$$00000011)
    Reset_Handler                            0x080001a1   Thumb Code     8  startup_stm32f40xx.o(.text)
    ADC_IRQHandler                           0x080001bb   Thumb Code     0  startup_stm32f40xx.o(.text)
    CAN1_RX1_IRQHandler                      0x080001bb   Thumb Code     0  startup_stm32f40xx.o(.text)
    CAN1_SCE_IRQHandler                      0x080001bb   Thumb Code     0  startup_stm32f40xx.o(.text)
    CAN1_TX_IRQHandler                       0x080001bb   Thumb Code     0  startup_stm32f40xx.o(.text)
    CAN2_RX1_IRQHandler                      0x080001bb   Thumb Code     0  startup_stm32f40xx.o(.text)
    CAN2_SCE_IRQHandler                      0x080001bb   Thumb Code     0  startup_stm32f40xx.o(.text)
    CAN2_TX_IRQHandler                       0x080001bb   Thumb Code     0  startup_stm32f40xx.o(.text)
    CRYP_IRQHandler                          0x080001bb   Thumb Code     0  startup_stm32f40xx.o(.text)
    DCMI_IRQHandler                          0x080001bb   Thumb Code     0  startup_stm32f40xx.o(.text)
    DMA1_Stream0_IRQHandler                  0x080001bb   Thumb Code     0  startup_stm32f40xx.o(.text)
    DMA1_Stream1_IRQHandler                  0x080001bb   Thumb Code     0  startup_stm32f40xx.o(.text)
    DMA1_Stream2_IRQHandler                  0x080001bb   Thumb Code     0  startup_stm32f40xx.o(.text)
    DMA1_Stream3_IRQHandler                  0x080001bb   Thumb Code     0  startup_stm32f40xx.o(.text)
    DMA1_Stream4_IRQHandler                  0x080001bb   Thumb Code     0  startup_stm32f40xx.o(.text)
    DMA1_Stream5_IRQHandler                  0x080001bb   Thumb Code     0  startup_stm32f40xx.o(.text)
    DMA1_Stream6_IRQHandler                  0x080001bb   Thumb Code     0  startup_stm32f40xx.o(.text)
    DMA1_Stream7_IRQHandler                  0x080001bb   Thumb Code     0  startup_stm32f40xx.o(.text)
    DMA2_Stream0_IRQHandler                  0x080001bb   Thumb Code     0  startup_stm32f40xx.o(.text)
    DMA2_Stream1_IRQHandler                  0x080001bb   Thumb Code     0  startup_stm32f40xx.o(.text)
    DMA2_Stream3_IRQHandler                  0x080001bb   Thumb Code     0  startup_stm32f40xx.o(.text)
    DMA2_Stream4_IRQHandler                  0x080001bb   Thumb Code     0  startup_stm32f40xx.o(.text)
    DMA2_Stream5_IRQHandler                  0x080001bb   Thumb Code     0  startup_stm32f40xx.o(.text)
    DMA2_Stream6_IRQHandler                  0x080001bb   Thumb Code     0  startup_stm32f40xx.o(.text)
    DMA2_Stream7_IRQHandler                  0x080001bb   Thumb Code     0  startup_stm32f40xx.o(.text)
    ETH_IRQHandler                           0x080001bb   Thumb Code     0  startup_stm32f40xx.o(.text)
    ETH_WKUP_IRQHandler                      0x080001bb   Thumb Code     0  startup_stm32f40xx.o(.text)
    EXTI0_IRQHandler                         0x080001bb   Thumb Code     0  startup_stm32f40xx.o(.text)
    EXTI15_10_IRQHandler                     0x080001bb   Thumb Code     0  startup_stm32f40xx.o(.text)
    EXTI1_IRQHandler                         0x080001bb   Thumb Code     0  startup_stm32f40xx.o(.text)
    EXTI2_IRQHandler                         0x080001bb   Thumb Code     0  startup_stm32f40xx.o(.text)
    EXTI3_IRQHandler                         0x080001bb   Thumb Code     0  startup_stm32f40xx.o(.text)
    EXTI4_IRQHandler                         0x080001bb   Thumb Code     0  startup_stm32f40xx.o(.text)
    EXTI9_5_IRQHandler                       0x080001bb   Thumb Code     0  startup_stm32f40xx.o(.text)
    FLASH_IRQHandler                         0x080001bb   Thumb Code     0  startup_stm32f40xx.o(.text)
    FPU_IRQHandler                           0x080001bb   Thumb Code     0  startup_stm32f40xx.o(.text)
    FSMC_IRQHandler                          0x080001bb   Thumb Code     0  startup_stm32f40xx.o(.text)
    HASH_RNG_IRQHandler                      0x080001bb   Thumb Code     0  startup_stm32f40xx.o(.text)
    I2C1_ER_IRQHandler                       0x080001bb   Thumb Code     0  startup_stm32f40xx.o(.text)
    I2C1_EV_IRQHandler                       0x080001bb   Thumb Code     0  startup_stm32f40xx.o(.text)
    I2C2_ER_IRQHandler                       0x080001bb   Thumb Code     0  startup_stm32f40xx.o(.text)
    I2C2_EV_IRQHandler                       0x080001bb   Thumb Code     0  startup_stm32f40xx.o(.text)
    I2C3_ER_IRQHandler                       0x080001bb   Thumb Code     0  startup_stm32f40xx.o(.text)
    I2C3_EV_IRQHandler                       0x080001bb   Thumb Code     0  startup_stm32f40xx.o(.text)
    OTG_FS_IRQHandler                        0x080001bb   Thumb Code     0  startup_stm32f40xx.o(.text)
    OTG_FS_WKUP_IRQHandler                   0x080001bb   Thumb Code     0  startup_stm32f40xx.o(.text)
    OTG_HS_EP1_IN_IRQHandler                 0x080001bb   Thumb Code     0  startup_stm32f40xx.o(.text)
    OTG_HS_EP1_OUT_IRQHandler                0x080001bb   Thumb Code     0  startup_stm32f40xx.o(.text)
    OTG_HS_IRQHandler                        0x080001bb   Thumb Code     0  startup_stm32f40xx.o(.text)
    OTG_HS_WKUP_IRQHandler                   0x080001bb   Thumb Code     0  startup_stm32f40xx.o(.text)
    PVD_IRQHandler                           0x080001bb   Thumb Code     0  startup_stm32f40xx.o(.text)
    RCC_IRQHandler                           0x080001bb   Thumb Code     0  startup_stm32f40xx.o(.text)
    RTC_Alarm_IRQHandler                     0x080001bb   Thumb Code     0  startup_stm32f40xx.o(.text)
    RTC_WKUP_IRQHandler                      0x080001bb   Thumb Code     0  startup_stm32f40xx.o(.text)
    SDIO_IRQHandler                          0x080001bb   Thumb Code     0  startup_stm32f40xx.o(.text)
    SPI1_IRQHandler                          0x080001bb   Thumb Code     0  startup_stm32f40xx.o(.text)
    SPI2_IRQHandler                          0x080001bb   Thumb Code     0  startup_stm32f40xx.o(.text)
    SPI3_IRQHandler                          0x080001bb   Thumb Code     0  startup_stm32f40xx.o(.text)
    TAMP_STAMP_IRQHandler                    0x080001bb   Thumb Code     0  startup_stm32f40xx.o(.text)
    TIM1_BRK_TIM9_IRQHandler                 0x080001bb   Thumb Code     0  startup_stm32f40xx.o(.text)
    TIM1_CC_IRQHandler                       0x080001bb   Thumb Code     0  startup_stm32f40xx.o(.text)
    TIM1_TRG_COM_TIM11_IRQHandler            0x080001bb   Thumb Code     0  startup_stm32f40xx.o(.text)
    TIM1_UP_TIM10_IRQHandler                 0x080001bb   Thumb Code     0  startup_stm32f40xx.o(.text)
    TIM2_IRQHandler                          0x080001bb   Thumb Code     0  startup_stm32f40xx.o(.text)
    TIM3_IRQHandler                          0x080001bb   Thumb Code     0  startup_stm32f40xx.o(.text)
    TIM4_IRQHandler                          0x080001bb   Thumb Code     0  startup_stm32f40xx.o(.text)
    TIM5_IRQHandler                          0x080001bb   Thumb Code     0  startup_stm32f40xx.o(.text)
    TIM6_DAC_IRQHandler                      0x080001bb   Thumb Code     0  startup_stm32f40xx.o(.text)
    TIM7_IRQHandler                          0x080001bb   Thumb Code     0  startup_stm32f40xx.o(.text)
    TIM8_BRK_TIM12_IRQHandler                0x080001bb   Thumb Code     0  startup_stm32f40xx.o(.text)
    TIM8_CC_IRQHandler                       0x080001bb   Thumb Code     0  startup_stm32f40xx.o(.text)
    TIM8_TRG_COM_TIM14_IRQHandler            0x080001bb   Thumb Code     0  startup_stm32f40xx.o(.text)
    TIM8_UP_TIM13_IRQHandler                 0x080001bb   Thumb Code     0  startup_stm32f40xx.o(.text)
    UART4_IRQHandler                         0x080001bb   Thumb Code     0  startup_stm32f40xx.o(.text)
    USART1_IRQHandler                        0x080001bb   Thumb Code     0  startup_stm32f40xx.o(.text)
    USART2_IRQHandler                        0x080001bb   Thumb Code     0  startup_stm32f40xx.o(.text)
    USART3_IRQHandler                        0x080001bb   Thumb Code     0  startup_stm32f40xx.o(.text)
    WWDG_IRQHandler                          0x080001bb   Thumb Code     0  startup_stm32f40xx.o(.text)
    __aeabi_dadd                             0x080001c5   Thumb Code   322  dadd.o(.text)
    __aeabi_dsub                             0x08000307   Thumb Code     6  dadd.o(.text)
    __aeabi_drsub                            0x0800030d   Thumb Code     6  dadd.o(.text)
    __aeabi_dmul                             0x08000313   Thumb Code   228  dmul.o(.text)
    __aeabi_ddiv                             0x080003f7   Thumb Code   222  ddiv.o(.text)
    __aeabi_f2d                              0x080004d5   Thumb Code    38  f2d.o(.text)
    __aeabi_d2f                              0x080004fb   Thumb Code    56  d2f.o(.text)
    __aeabi_llsl                             0x08000533   Thumb Code    30  llshl.o(.text)
    _ll_shift_l                              0x08000533   Thumb Code     0  llshl.o(.text)
    __aeabi_lasr                             0x08000551   Thumb Code    36  llsshr.o(.text)
    _ll_sshift_r                             0x08000551   Thumb Code     0  llsshr.o(.text)
    __I$use$fp                               0x08000575   Thumb Code     0  iusefp.o(.text)
    _float_round                             0x08000575   Thumb Code    18  fepilogue.o(.text)
    _float_epilogue                          0x08000587   Thumb Code    92  fepilogue.o(.text)
    _double_round                            0x080005e3   Thumb Code    30  depilogue.o(.text)
    _double_epilogue                         0x08000601   Thumb Code   156  depilogue.o(.text)
    __scatterload                            0x0800069d   Thumb Code    28  init.o(.text)
    __scatterload_rt2                        0x0800069d   Thumb Code     0  init.o(.text)
    __aeabi_llsr                             0x080006c1   Thumb Code    32  llushr.o(.text)
    _ll_ushift_r                             0x080006c1   Thumb Code     0  llushr.o(.text)
    __aeabi_i2d                              0x080006e1   Thumb Code    34  dflti.o(.text)
    __aeabi_ui2d                             0x08000703   Thumb Code    26  dfltui.o(.text)
    __aeabi_d2iz                             0x0800071d   Thumb Code    62  dfixi.o(.text)
    __decompress                             0x0800075b   Thumb Code     0  __dczerorl2.o(.text)
    __decompress1                            0x0800075b   Thumb Code    86  __dczerorl2.o(.text)
    BusFault_Handler                         0x080007b1   Thumb Code     4  stm32f4xx_it.o(i.BusFault_Handler)
    CAN1_CHASSIS_MOTOR_TRANSMIT              0x080007b5   Thumb Code    68  can.o(i.CAN1_CHASSIS_MOTOR_TRANSMIT)
    CAN1_GIMBAL_PITCH_TRIGGER_TRANSMIT       0x08000801   Thumb Code    58  can.o(i.CAN1_GIMBAL_PITCH_TRIGGER_TRANSMIT)
    CAN1_RX0_IRQHandler                      0x08000845   Thumb Code   806  can.o(i.CAN1_RX0_IRQHandler)
    CAN1_mode_init                           0x08000b85   Thumb Code   234  can.o(i.CAN1_mode_init)
    CAN2_GIMBAL_YAW_TRANSMIT                 0x08000c79   Thumb Code    58  can.o(i.CAN2_GIMBAL_YAW_TRANSMIT)
    CAN2_RC_TRANSMIT                         0x08000cbd   Thumb Code   126  can.o(i.CAN2_RC_TRANSMIT)
    CAN2_RX0_IRQHandler                      0x08000d4d   Thumb Code    92  can.o(i.CAN2_RX0_IRQHandler)
    CAN2_mode_init                           0x08000dbd   Thumb Code   244  can.o(i.CAN2_mode_init)
    CAN_ClearITPendingBit                    0x08000eb9   Thumb Code   162  stm32f4xx_can.o(i.CAN_ClearITPendingBit)
    CAN_FilterInit                           0x08000f61   Thumb Code   258  stm32f4xx_can.o(i.CAN_FilterInit)
    CAN_GetITStatus                          0x08001069   Thumb Code   284  stm32f4xx_can.o(i.CAN_GetITStatus)
    CAN_ITConfig                             0x08001189   Thumb Code    18  stm32f4xx_can.o(i.CAN_ITConfig)
    CAN_Init                                 0x0800119b   Thumb Code   276  stm32f4xx_can.o(i.CAN_Init)
    CAN_Receive                              0x080012af   Thumb Code   240  stm32f4xx_can.o(i.CAN_Receive)
    CAN_Transmit                             0x0800139f   Thumb Code   294  stm32f4xx_can.o(i.CAN_Transmit)
    CAN_TransmitStatus                       0x080014c5   Thumb Code   138  stm32f4xx_can.o(i.CAN_TransmitStatus)
    DMA2_Stream2_IRQHandler                  0x08001579   Thumb Code   154  rc.o(i.DMA2_Stream2_IRQHandler)
    DMA_ClearFlag                            0x08001629   Thumb Code    38  stm32f4xx_dma.o(i.DMA_ClearFlag)
    DMA_ClearITPendingBit                    0x0800165d   Thumb Code    38  stm32f4xx_dma.o(i.DMA_ClearITPendingBit)
    DMA_Cmd                                  0x08001691   Thumb Code    22  stm32f4xx_dma.o(i.DMA_Cmd)
    DMA_DeInit                               0x080016a9   Thumb Code   324  stm32f4xx_dma.o(i.DMA_DeInit)
    DMA_GetITStatus                          0x08001801   Thumb Code    82  stm32f4xx_dma.o(i.DMA_GetITStatus)
    DMA_ITConfig                             0x08001865   Thumb Code    58  stm32f4xx_dma.o(i.DMA_ITConfig)
    DMA_Init                                 0x080018a1   Thumb Code    82  stm32f4xx_dma.o(i.DMA_Init)
    DebugMon_Handler                         0x080018f9   Thumb Code     2  stm32f4xx_it.o(i.DebugMon_Handler)
    GPIO_Init                                0x080018fb   Thumb Code   144  stm32f4xx_gpio.o(i.GPIO_Init)
    GPIO_PinAFConfig                         0x0800198b   Thumb Code    70  stm32f4xx_gpio.o(i.GPIO_PinAFConfig)
    GPIO_SetBits                             0x080019d1   Thumb Code     4  stm32f4xx_gpio.o(i.GPIO_SetBits)
    HardFault_Handler                        0x080019d5   Thumb Code     4  stm32f4xx_it.o(i.HardFault_Handler)
    LED_Init                                 0x080019d9   Thumb Code   100  led.o(i.LED_Init)
    MemManage_Handler                        0x08001a41   Thumb Code     4  stm32f4xx_it.o(i.MemManage_Handler)
    NMI_Handler                              0x08001a45   Thumb Code     2  stm32f4xx_it.o(i.NMI_Handler)
    NVIC_Init                                0x08001a49   Thumb Code   106  misc.o(i.NVIC_Init)
    NVIC_PriorityGroupConfig                 0x08001ac1   Thumb Code    10  misc.o(i.NVIC_PriorityGroupConfig)
    PID_Calc                                 0x08001ad5   Thumb Code   274  pid.o(i.PID_Calc)
    PID_Init                                 0x08001be9   Thumb Code    70  pid.o(i.PID_Init)
    PID_OVER_ZERO                            0x08001c35   Thumb Code    44  chassis_tasks.o(i.PID_OVER_ZERO)
    PID_OVER_ZERO_IMU                        0x08001c61   Thumb Code    88  gimbal_tasks.o(i.PID_OVER_ZERO_IMU)
    PendSV_Handler                           0x08001cc5   Thumb Code     2  stm32f4xx_it.o(i.PendSV_Handler)
    RCC_AHB1PeriphClockCmd                   0x08001cc9   Thumb Code    26  stm32f4xx_rcc.o(i.RCC_AHB1PeriphClockCmd)
    RCC_APB1PeriphClockCmd                   0x08001ce9   Thumb Code    26  stm32f4xx_rcc.o(i.RCC_APB1PeriphClockCmd)
    RCC_APB1PeriphResetCmd                   0x08001d09   Thumb Code    26  stm32f4xx_rcc.o(i.RCC_APB1PeriphResetCmd)
    RCC_APB2PeriphClockCmd                   0x08001d29   Thumb Code    26  stm32f4xx_rcc.o(i.RCC_APB2PeriphClockCmd)
    RCC_APB2PeriphResetCmd                   0x08001d49   Thumb Code    26  stm32f4xx_rcc.o(i.RCC_APB2PeriphResetCmd)
    RCC_GetClocksFreq                        0x08001d69   Thumb Code   214  stm32f4xx_rcc.o(i.RCC_GetClocksFreq)
    RC_Init                                  0x08001e51   Thumb Code   266  rc.o(i.RC_Init)
    SVC_Handler                              0x08001f75   Thumb Code     2  stm32f4xx_it.o(i.SVC_Handler)
    SysTick_CLKSourceConfig                  0x08002065   Thumb Code    40  misc.o(i.SysTick_CLKSourceConfig)
    SysTick_Handler                          0x0800208d   Thumb Code     2  stm32f4xx_it.o(i.SysTick_Handler)
    SystemInit                               0x08002091   Thumb Code    88  system_stm32f4xx.o(i.SystemInit)
    UART5_IRQHandler                         0x080020f9   Thumb Code    24  usart.o(i.UART5_IRQHandler)
    USART6_IRQHandler                        0x08002115   Thumb Code   142  gimbal_tasks.o(i.USART6_IRQHandler)
    USART_ClearFlag                          0x080021b5   Thumb Code    18  stm32f4xx_usart.o(i.USART_ClearFlag)
    USART_Cmd                                0x080021c7   Thumb Code    24  stm32f4xx_usart.o(i.USART_Cmd)
    USART_DMACmd                             0x080021df   Thumb Code    18  stm32f4xx_usart.o(i.USART_DMACmd)
    USART_DeInit                             0x080021f1   Thumb Code   206  stm32f4xx_usart.o(i.USART_DeInit)
    USART_GetITStatus                        0x080022e1   Thumb Code    84  stm32f4xx_usart.o(i.USART_GetITStatus)
    USART_ITConfig                           0x08002335   Thumb Code    74  stm32f4xx_usart.o(i.USART_ITConfig)
    USART_Init                               0x08002381   Thumb Code   204  stm32f4xx_usart.o(i.USART_Init)
    USART_ReceiveData                        0x08002455   Thumb Code    10  stm32f4xx_usart.o(i.USART_ReceiveData)
    UsageFault_Handler                       0x0800245f   Thumb Code     4  stm32f4xx_it.o(i.UsageFault_Handler)
    __ARM_fpclassify                         0x08002463   Thumb Code    48  fpclassify.o(i.__ARM_fpclassify)
    __hardfp_cos                             0x08002499   Thumb Code   180  cos.o(i.__hardfp_cos)
    __hardfp_sin                             0x08002561   Thumb Code   180  sin.o(i.__hardfp_sin)
    __ieee754_rem_pio2                       0x08002629   Thumb Code   938  rred.o(i.__ieee754_rem_pio2)
    __kernel_cos                             0x08002a61   Thumb Code   322  cos_i.o(i.__kernel_cos)
    __kernel_poly                            0x08002bd1   Thumb Code   248  poly.o(i.__kernel_poly)
    __kernel_sin                             0x08002cc9   Thumb Code   280  sin_i.o(i.__kernel_sin)
    __mathlib_dbl_infnan                     0x08002df9   Thumb Code    20  dunder.o(i.__mathlib_dbl_infnan)
    __mathlib_dbl_invalid                    0x08002e11   Thumb Code    24  dunder.o(i.__mathlib_dbl_invalid)
    __mathlib_dbl_underflow                  0x08002e31   Thumb Code    24  dunder.o(i.__mathlib_dbl_underflow)
    __scatterload_copy                       0x08002e51   Thumb Code    14  handlers.o(i.__scatterload_copy)
    __scatterload_null                       0x08002e5f   Thumb Code     2  handlers.o(i.__scatterload_null)
    __scatterload_zeroinit                   0x08002e61   Thumb Code    14  handlers.o(i.__scatterload_zeroinit)
    __set_errno                              0x08002e71   Thumb Code     6  errno.o(i.__set_errno)
    chassis_Init                             0x08002e7d   Thumb Code   396  chassis_tasks.o(i.chassis_Init)
    chassis_move                             0x0800305d   Thumb Code  2450  chassis_tasks.o(i.chassis_move)
    delay_init                               0x08003a0d   Thumb Code    52  delay.o(i.delay_init)
    delay_ms                                 0x08003a49   Thumb Code    56  delay.o(i.delay_ms)
    delay_xms                                0x08003a81   Thumb Code    72  delay.o(i.delay_xms)
    fabs                                     0x08003acd   Thumb Code    24  fabs.o(i.fabs)
    get_pitch_yaw_measure                    0x08003ae5   Thumb Code   134  can.o(i.get_pitch_yaw_measure)
    get_rc_measure                           0x08003b71   Thumb Code    86  can.o(i.get_rc_measure)
    get_trigger_measure                      0x08003bc9   Thumb Code   118  can.o(i.get_trigger_measure)
    gimbal_Init                              0x08003c45   Thumb Code   298  gimbal_tasks.o(i.gimbal_Init)
    gimbal_move                              0x08003e01   Thumb Code   666  gimbal_tasks.o(i.gimbal_move)
    imu_Init                                 0x08004101   Thumb Code   212  gimbal_tasks.o(i.imu_Init)
    main                                     0x080041dd   Thumb Code   186  main.o(i.main)
    send_data_to_chassis                     0x080042b5   Thumb Code    10  rc.o(i.send_data_to_chassis)
    trans_data                               0x080042c5   Thumb Code   138  gimbal_tasks.o(i.trans_data)
    trigger_move                             0x08004355   Thumb Code   934  gimbal_tasks.o(i.trigger_move)
    uart_init                                0x08004739   Thumb Code   210  usart.o(i.uart_init)
    Region$$Table$$Base                      0x08004938   Number         0  anon$$obj.o(Region$$Table)
    Region$$Table$$Limit                     0x08004958   Number         0  anon$$obj.o(Region$$Table)
    now_use                                  0x20000000   Data           1  main.o(.data)
    rc_time                                  0x20000018   Data           4  rc.o(.data)
    close_rc                                 0x2000001c   Data           4  rc.o(.data)
    mailbox                                  0x20000020   Data           1  can.o(.data)
    close_chassis                            0x20000024   Data           1  chassis_tasks.o(.data)
    set_yaw_pos                              0x20000028   Data           4  chassis_tasks.o(.data)
    kp_speed_chassis                         0x2000002c   Data           4  chassis_tasks.o(.data)
    ki_speed_chassis                         0x20000030   Data           4  chassis_tasks.o(.data)
    kd_speed_chassis                         0x20000034   Data           4  chassis_tasks.o(.data)
    kp_ecd_chassis                           0x20000038   Data           4  chassis_tasks.o(.data)
    ki_ecd_chassis                           0x2000003c   Data           4  chassis_tasks.o(.data)
    kd_ecd_chassis                           0x20000040   Data           4  chassis_tasks.o(.data)
    kp_speed_yaw0                            0x20000044   Data           4  chassis_tasks.o(.data)
    ki_speed_yaw0                            0x20000048   Data           4  chassis_tasks.o(.data)
    kd_speed_yaw0                            0x2000004c   Data           4  chassis_tasks.o(.data)
    kp_ecd_yaw0                              0x20000050   Data           4  chassis_tasks.o(.data)
    ki_ecd_yaw0                              0x20000054   Data           4  chassis_tasks.o(.data)
    kd_ecd_yaw0                              0x20000058   Data           4  chassis_tasks.o(.data)
    set_speed1                               0x2000005c   Data           4  chassis_tasks.o(.data)
    set_speedy                               0x20000060   Data           4  chassis_tasks.o(.data)
    set_speedx                               0x20000064   Data           4  chassis_tasks.o(.data)
    set_speedw                               0x20000068   Data           4  chassis_tasks.o(.data)
    pid_speed1                               0x2000006c   Data           2  chassis_tasks.o(.data)
    pid_speed2                               0x2000006e   Data           2  chassis_tasks.o(.data)
    pid_speed3                               0x20000070   Data           2  chassis_tasks.o(.data)
    pid_speed4                               0x20000072   Data           2  chassis_tasks.o(.data)
    now_yaw_pos                              0x20000074   Data           4  chassis_tasks.o(.data)
    id                                       0x20000078   Data           2  gimbal_tasks.o(.data)
    kp_speed_pitch                           0x2000007c   Data           4  gimbal_tasks.o(.data)
    ki_speed_pitch                           0x20000080   Data           4  gimbal_tasks.o(.data)
    kd_speed_pitch                           0x20000084   Data           4  gimbal_tasks.o(.data)
    kp_ecd_pitch                             0x20000088   Data           4  gimbal_tasks.o(.data)
    ki_ecd_pitch                             0x2000008c   Data           4  gimbal_tasks.o(.data)
    kd_ecd_pitch                             0x20000090   Data           4  gimbal_tasks.o(.data)
    kp_speed_yaw                             0x20000094   Data           4  gimbal_tasks.o(.data)
    ki_speed_yaw                             0x20000098   Data           4  gimbal_tasks.o(.data)
    kd_speed_yaw                             0x2000009c   Data           4  gimbal_tasks.o(.data)
    kp_ecd_yaw                               0x200000a0   Data           4  gimbal_tasks.o(.data)
    ki_ecd_yaw                               0x200000a4   Data           4  gimbal_tasks.o(.data)
    kd_ecd_yaw                               0x200000a8   Data           4  gimbal_tasks.o(.data)
    kp_speed_trigger                         0x200000ac   Data           4  gimbal_tasks.o(.data)
    ki_speed_trigger                         0x200000b0   Data           4  gimbal_tasks.o(.data)
    kd_speed_trigger                         0x200000b4   Data           4  gimbal_tasks.o(.data)
    kp_ecd_trigger                           0x200000b8   Data           4  gimbal_tasks.o(.data)
    ki_ecd_trigger                           0x200000bc   Data           4  gimbal_tasks.o(.data)
    kd_ecd_trigger                           0x200000c0   Data           4  gimbal_tasks.o(.data)
    set_pitch                                0x200000c4   Data           4  gimbal_tasks.o(.data)
    get_pitch                                0x200000c8   Data           4  gimbal_tasks.o(.data)
    now_pitch                                0x200000cc   Data           4  gimbal_tasks.o(.data)
    last_pitch_pos                           0x200000d0   Data           4  gimbal_tasks.o(.data)
    first_open                               0x200000d4   Data           4  gimbal_tasks.o(.data)
    last_pos_yaw                             0x200000d8   Data           4  gimbal_tasks.o(.data)
    now_pos_yaw                              0x200000dc   Data           4  gimbal_tasks.o(.data)
    pid_init_pos                             0x200000e0   Data           2  gimbal_tasks.o(.data)
    num_buf                                  0x200000e2   Data           2  gimbal_tasks.o(.data)
    set_speed_yaw                            0x200000e4   Data           4  gimbal_tasks.o(.data)
    set_yaw                                  0x200000e8   Data           4  gimbal_tasks.o(.data)
    pid_yaw                                  0x200000ec   Data           2  gimbal_tasks.o(.data)
    set_ecd_yaw                              0x200000f0   Data           4  gimbal_tasks.o(.data)
    now_pos                                  0x200000f4   Data           4  gimbal_tasks.o(.data)
    pid_trigger                              0x200000f8   Data           2  gimbal_tasks.o(.data)
    yaw_time                                 0x200000fc   Data           4  gimbal_tasks.o(.data)
    yaw_sent                                 0x20000100   Data           4  gimbal_tasks.o(.data)
    change_kpmax_speed                       0x20000104   Data           4  gimbal_tasks.o(.data)
    change_kpmin_speed                       0x20000108   Data           4  gimbal_tasks.o(.data)
    change_kimax_speed                       0x2000010c   Data           4  gimbal_tasks.o(.data)
    change_kimin_speed                       0x20000110   Data           4  gimbal_tasks.o(.data)
    change_kpmax_ecd                         0x20000114   Data           4  gimbal_tasks.o(.data)
    change_kpmin_ecd                         0x20000118   Data           4  gimbal_tasks.o(.data)
    change_kimax_ecd                         0x2000011c   Data           4  gimbal_tasks.o(.data)
    change_kimin_ecd                         0x20000120   Data           4  gimbal_tasks.o(.data)
    now_trigger_pos                          0x20000124   Data           4  gimbal_tasks.o(.data)
    set_trigger_pos                          0x20000128   Data           4  gimbal_tasks.o(.data)
    last_trigger_pos                         0x2000012c   Data           4  gimbal_tasks.o(.data)
    trigger_speed                            0x20000130   Data           4  gimbal_tasks.o(.data)
    trigger_time                             0x20000134   Data           4  gimbal_tasks.o(.data)
    trigger_sent                             0x20000138   Data           4  gimbal_tasks.o(.data)
    sbus_rx_buffer                           0x20000140   Data          25  rc.o(.bss)
    motor                                    0x2000015c   Data         100  can.o(.bss)
    RC_Crl_chassis                           0x200001c0   Data          20  can.o(.bss)
    Pid_Speed_chassis                        0x2000024c   Data         360  chassis_tasks.o(.bss)
    Pid_Ecd_chassis                          0x200003b4   Data         360  chassis_tasks.o(.bss)
    Pid_Speed_yaw0                           0x2000051c   Data          72  chassis_tasks.o(.bss)
    Pid_Ecd_yaw0                             0x20000564   Data          72  chassis_tasks.o(.bss)
    speed_wheel                              0x200005ac   Data          20  chassis_tasks.o(.bss)
    memory_ecd                               0x200005c0   Data          20  chassis_tasks.o(.bss)
    Pid_Speed_pitch                          0x200005d4   Data          72  gimbal_tasks.o(.bss)
    Pid_Ecd_pitch                            0x2000061c   Data          72  gimbal_tasks.o(.bss)
    Pid_Speed_yaw                            0x20000664   Data          72  gimbal_tasks.o(.bss)
    Pid_Ecd_yaw                              0x200006ac   Data          72  gimbal_tasks.o(.bss)
    Pid_Speed_trigger                        0x200006f4   Data          72  gimbal_tasks.o(.bss)
    Pid_Ecd_trigger                          0x2000073c   Data          72  gimbal_tasks.o(.bss)
    pitch                                    0x20000784   Data          20  gimbal_tasks.o(.bss)
    yaw                                      0x20000798   Data          20  gimbal_tasks.o(.bss)
    trigger                                  0x200007ac   Data          20  gimbal_tasks.o(.bss)
    RC_Ctl                                   0x200007c0   Data          20  gimbal_tasks.o(.bss)
    imu_buf                                  0x200007d4   Data          20  gimbal_tasks.o(.bss)
    BUF                                      0x200007e8   Data         110  gimbal_tasks.o(.bss)
    __initial_sp                             0x20000c58   Data           0  startup_stm32f40xx.o(STACK)



==============================================================================

Memory Map of the image

  Image Entry point : 0x08000189

  Load Region LR_IROM1 (Base: 0x08000000, Size: 0x00004a98, Max: 0x00100000, ABSOLUTE, COMPRESSED[0x000049a8])

    Execution Region ER_IROM1 (Exec base: 0x08000000, Load base: 0x08000000, Size: 0x00004958, Max: 0x00100000, ABSOLUTE)

    Exec Addr    Load Addr    Size         Type   Attr      Idx    E Section Name        Object

    0x08000000   0x08000000   0x00000188   Data   RO            3    RESET               startup_stm32f40xx.o
    0x08000188   0x08000188   0x00000000   Code   RO         5525  * .ARM.Collect$$$$00000000  mc_w.l(entry.o)
    0x08000188   0x08000188   0x00000004   Code   RO         5566    .ARM.Collect$$$$00000001  mc_w.l(entry2.o)
    0x0800018c   0x0800018c   0x00000004   Code   RO         5569    .ARM.Collect$$$$00000004  mc_w.l(entry5.o)
    0x08000190   0x08000190   0x00000000   Code   RO         5571    .ARM.Collect$$$$00000008  mc_w.l(entry7b.o)
    0x08000190   0x08000190   0x00000000   Code   RO         5573    .ARM.Collect$$$$0000000A  mc_w.l(entry8b.o)
    0x08000190   0x08000190   0x00000008   Code   RO         5574    .ARM.Collect$$$$0000000B  mc_w.l(entry9a.o)
    0x08000198   0x08000198   0x00000004   Code   RO         5581    .ARM.Collect$$$$0000000E  mc_w.l(entry12b.o)
    0x0800019c   0x0800019c   0x00000000   Code   RO         5576    .ARM.Collect$$$$0000000F  mc_w.l(entry10a.o)
    0x0800019c   0x0800019c   0x00000000   Code   RO         5578    .ARM.Collect$$$$00000011  mc_w.l(entry11a.o)
    0x0800019c   0x0800019c   0x00000004   Code   RO         5567    .ARM.Collect$$$$00002712  mc_w.l(entry2.o)
    0x080001a0   0x080001a0   0x00000024   Code   RO            4    .text               startup_stm32f40xx.o
    0x080001c4   0x080001c4   0x0000014e   Code   RO         5528    .text               mf_w.l(dadd.o)
    0x08000312   0x08000312   0x000000e4   Code   RO         5530    .text               mf_w.l(dmul.o)
    0x080003f6   0x080003f6   0x000000de   Code   RO         5532    .text               mf_w.l(ddiv.o)
    0x080004d4   0x080004d4   0x00000026   Code   RO         5534    .text               mf_w.l(f2d.o)
    0x080004fa   0x080004fa   0x00000038   Code   RO         5536    .text               mf_w.l(d2f.o)
    0x08000532   0x08000532   0x0000001e   Code   RO         5582    .text               mc_w.l(llshl.o)
    0x08000550   0x08000550   0x00000024   Code   RO         5584    .text               mc_w.l(llsshr.o)
    0x08000574   0x08000574   0x00000000   Code   RO         5593    .text               mc_w.l(iusefp.o)
    0x08000574   0x08000574   0x0000006e   Code   RO         5594    .text               mf_w.l(fepilogue.o)
    0x080005e2   0x080005e2   0x000000ba   Code   RO         5596    .text               mf_w.l(depilogue.o)
    0x0800069c   0x0800069c   0x00000024   Code   RO         5610    .text               mc_w.l(init.o)
    0x080006c0   0x080006c0   0x00000020   Code   RO         5612    .text               mc_w.l(llushr.o)
    0x080006e0   0x080006e0   0x00000022   Code   RO         5614    .text               mf_w.l(dflti.o)
    0x08000702   0x08000702   0x0000001a   Code   RO         5616    .text               mf_w.l(dfltui.o)
    0x0800071c   0x0800071c   0x0000003e   Code   RO         5618    .text               mf_w.l(dfixi.o)
    0x0800075a   0x0800075a   0x00000056   Code   RO         5628    .text               mc_w.l(__dczerorl2.o)
    0x080007b0   0x080007b0   0x00000004   Code   RO           12    i.BusFault_Handler  stm32f4xx_it.o
    0x080007b4   0x080007b4   0x0000004c   Code   RO         5257    i.CAN1_CHASSIS_MOTOR_TRANSMIT  can.o
    0x08000800   0x08000800   0x00000044   Code   RO         5258    i.CAN1_GIMBAL_PITCH_TRIGGER_TRANSMIT  can.o
    0x08000844   0x08000844   0x00000340   Code   RO         5259    i.CAN1_RX0_IRQHandler  can.o
    0x08000b84   0x08000b84   0x000000f4   Code   RO         5260    i.CAN1_mode_init    can.o
    0x08000c78   0x08000c78   0x00000044   Code   RO         5261    i.CAN2_GIMBAL_YAW_TRANSMIT  can.o
    0x08000cbc   0x08000cbc   0x00000090   Code   RO         5262    i.CAN2_RC_TRANSMIT  can.o
    0x08000d4c   0x08000d4c   0x00000070   Code   RO         5263    i.CAN2_RX0_IRQHandler  can.o
    0x08000dbc   0x08000dbc   0x000000fc   Code   RO         5264    i.CAN2_mode_init    can.o
    0x08000eb8   0x08000eb8   0x000000a8   Code   RO          602    i.CAN_ClearITPendingBit  stm32f4xx_can.o
    0x08000f60   0x08000f60   0x00000108   Code   RO          606    i.CAN_FilterInit    stm32f4xx_can.o
    0x08001068   0x08001068   0x00000120   Code   RO          608    i.CAN_GetITStatus   stm32f4xx_can.o
    0x08001188   0x08001188   0x00000012   Code   RO          612    i.CAN_ITConfig      stm32f4xx_can.o
    0x0800119a   0x0800119a   0x00000114   Code   RO          613    i.CAN_Init          stm32f4xx_can.o
    0x080012ae   0x080012ae   0x000000f0   Code   RO          616    i.CAN_Receive       stm32f4xx_can.o
    0x0800139e   0x0800139e   0x00000126   Code   RO          621    i.CAN_Transmit      stm32f4xx_can.o
    0x080014c4   0x080014c4   0x000000a0   Code   RO          622    i.CAN_TransmitStatus  stm32f4xx_can.o
    0x08001564   0x08001564   0x00000012   Code   RO          624    i.CheckITStatus     stm32f4xx_can.o
    0x08001576   0x08001576   0x00000002   PAD
    0x08001578   0x08001578   0x000000b0   Code   RO         5151    i.DMA2_Stream2_IRQHandler  rc.o
    0x08001628   0x08001628   0x00000034   Code   RO         1301    i.DMA_ClearFlag     stm32f4xx_dma.o
    0x0800165c   0x0800165c   0x00000034   Code   RO         1302    i.DMA_ClearITPendingBit  stm32f4xx_dma.o
    0x08001690   0x08001690   0x00000016   Code   RO         1303    i.DMA_Cmd           stm32f4xx_dma.o
    0x080016a6   0x080016a6   0x00000002   PAD
    0x080016a8   0x080016a8   0x00000158   Code   RO         1304    i.DMA_DeInit        stm32f4xx_dma.o
    0x08001800   0x08001800   0x00000064   Code   RO         1313    i.DMA_GetITStatus   stm32f4xx_dma.o
    0x08001864   0x08001864   0x0000003a   Code   RO         1314    i.DMA_ITConfig      stm32f4xx_dma.o
    0x0800189e   0x0800189e   0x00000002   PAD
    0x080018a0   0x080018a0   0x00000058   Code   RO         1315    i.DMA_Init          stm32f4xx_dma.o
    0x080018f8   0x080018f8   0x00000002   Code   RO           13    i.DebugMon_Handler  stm32f4xx_it.o
    0x080018fa   0x080018fa   0x00000090   Code   RO         2037    i.GPIO_Init         stm32f4xx_gpio.o
    0x0800198a   0x0800198a   0x00000046   Code   RO         2038    i.GPIO_PinAFConfig  stm32f4xx_gpio.o
    0x080019d0   0x080019d0   0x00000004   Code   RO         2045    i.GPIO_SetBits      stm32f4xx_gpio.o
    0x080019d4   0x080019d4   0x00000004   Code   RO           14    i.HardFault_Handler  stm32f4xx_it.o
    0x080019d8   0x080019d8   0x00000068   Code   RO         5363    i.LED_Init          led.o
    0x08001a40   0x08001a40   0x00000004   Code   RO           15    i.MemManage_Handler  stm32f4xx_it.o
    0x08001a44   0x08001a44   0x00000002   Code   RO           16    i.NMI_Handler       stm32f4xx_it.o
    0x08001a46   0x08001a46   0x00000002   PAD
    0x08001a48   0x08001a48   0x00000078   Code   RO          288    i.NVIC_Init         misc.o
    0x08001ac0   0x08001ac0   0x00000014   Code   RO          289    i.NVIC_PriorityGroupConfig  misc.o
    0x08001ad4   0x08001ad4   0x00000112   Code   RO         5207    i.PID_Calc          pid.o
    0x08001be6   0x08001be6   0x00000002   PAD
    0x08001be8   0x08001be8   0x0000004c   Code   RO         5209    i.PID_Init          pid.o
    0x08001c34   0x08001c34   0x0000002c   Code   RO         5383    i.PID_OVER_ZERO     chassis_tasks.o
    0x08001c60   0x08001c60   0x00000064   Code   RO         5426    i.PID_OVER_ZERO_IMU  gimbal_tasks.o
    0x08001cc4   0x08001cc4   0x00000002   Code   RO           17    i.PendSV_Handler    stm32f4xx_it.o
    0x08001cc6   0x08001cc6   0x00000002   PAD
    0x08001cc8   0x08001cc8   0x00000020   Code   RO         2901    i.RCC_AHB1PeriphClockCmd  stm32f4xx_rcc.o
    0x08001ce8   0x08001ce8   0x00000020   Code   RO         2910    i.RCC_APB1PeriphClockCmd  stm32f4xx_rcc.o
    0x08001d08   0x08001d08   0x00000020   Code   RO         2912    i.RCC_APB1PeriphResetCmd  stm32f4xx_rcc.o
    0x08001d28   0x08001d28   0x00000020   Code   RO         2913    i.RCC_APB2PeriphClockCmd  stm32f4xx_rcc.o
    0x08001d48   0x08001d48   0x00000020   Code   RO         2915    i.RCC_APB2PeriphResetCmd  stm32f4xx_rcc.o
    0x08001d68   0x08001d68   0x000000e8   Code   RO         2922    i.RCC_GetClocksFreq  stm32f4xx_rcc.o
    0x08001e50   0x08001e50   0x00000124   Code   RO         5152    i.RC_Init           rc.o
    0x08001f74   0x08001f74   0x00000002   Code   RO           18    i.SVC_Handler       stm32f4xx_it.o
    0x08001f76   0x08001f76   0x00000002   PAD
    0x08001f78   0x08001f78   0x000000ec   Code   RO          251    i.SetSysClock       system_stm32f4xx.o
    0x08002064   0x08002064   0x00000028   Code   RO          292    i.SysTick_CLKSourceConfig  misc.o
    0x0800208c   0x0800208c   0x00000002   Code   RO           19    i.SysTick_Handler   stm32f4xx_it.o
    0x0800208e   0x0800208e   0x00000002   PAD
    0x08002090   0x08002090   0x00000068   Code   RO          253    i.SystemInit        system_stm32f4xx.o
    0x080020f8   0x080020f8   0x0000001c   Code   RO         5102    i.UART5_IRQHandler  usart.o
    0x08002114   0x08002114   0x000000a0   Code   RO         5428    i.USART6_IRQHandler  gimbal_tasks.o
    0x080021b4   0x080021b4   0x00000012   Code   RO         4794    i.USART_ClearFlag   stm32f4xx_usart.o
    0x080021c6   0x080021c6   0x00000018   Code   RO         4798    i.USART_Cmd         stm32f4xx_usart.o
    0x080021de   0x080021de   0x00000012   Code   RO         4799    i.USART_DMACmd      stm32f4xx_usart.o
    0x080021f0   0x080021f0   0x000000f0   Code   RO         4800    i.USART_DeInit      stm32f4xx_usart.o
    0x080022e0   0x080022e0   0x00000054   Code   RO         4802    i.USART_GetITStatus  stm32f4xx_usart.o
    0x08002334   0x08002334   0x0000004a   Code   RO         4804    i.USART_ITConfig    stm32f4xx_usart.o
    0x0800237e   0x0800237e   0x00000002   PAD
    0x08002380   0x08002380   0x000000d4   Code   RO         4805    i.USART_Init        stm32f4xx_usart.o
    0x08002454   0x08002454   0x0000000a   Code   RO         4812    i.USART_ReceiveData  stm32f4xx_usart.o
    0x0800245e   0x0800245e   0x00000004   Code   RO           20    i.UsageFault_Handler  stm32f4xx_it.o
    0x08002462   0x08002462   0x00000030   Code   RO         5606    i.__ARM_fpclassify  m_wm.l(fpclassify.o)
    0x08002492   0x08002492   0x00000006   PAD
    0x08002498   0x08002498   0x000000c8   Code   RO         5501    i.__hardfp_cos      m_wm.l(cos.o)
    0x08002560   0x08002560   0x000000c8   Code   RO         5513    i.__hardfp_sin      m_wm.l(sin.o)
    0x08002628   0x08002628   0x00000438   Code   RO         5555    i.__ieee754_rem_pio2  m_wm.l(rred.o)
    0x08002a60   0x08002a60   0x00000170   Code   RO         5538    i.__kernel_cos      m_wm.l(cos_i.o)
    0x08002bd0   0x08002bd0   0x000000f8   Code   RO         5608    i.__kernel_poly     m_wm.l(poly.o)
    0x08002cc8   0x08002cc8   0x00000130   Code   RO         5560    i.__kernel_sin      m_wm.l(sin_i.o)
    0x08002df8   0x08002df8   0x00000014   Code   RO         5542    i.__mathlib_dbl_infnan  m_wm.l(dunder.o)
    0x08002e0c   0x08002e0c   0x00000004   PAD
    0x08002e10   0x08002e10   0x00000020   Code   RO         5544    i.__mathlib_dbl_invalid  m_wm.l(dunder.o)
    0x08002e30   0x08002e30   0x00000020   Code   RO         5547    i.__mathlib_dbl_underflow  m_wm.l(dunder.o)
    0x08002e50   0x08002e50   0x0000000e   Code   RO         5622    i.__scatterload_copy  mc_w.l(handlers.o)
    0x08002e5e   0x08002e5e   0x00000002   Code   RO         5623    i.__scatterload_null  mc_w.l(handlers.o)
    0x08002e60   0x08002e60   0x0000000e   Code   RO         5624    i.__scatterload_zeroinit  mc_w.l(handlers.o)
    0x08002e6e   0x08002e6e   0x00000002   PAD
    0x08002e70   0x08002e70   0x0000000c   Code   RO         5588    i.__set_errno       mc_w.l(errno.o)
    0x08002e7c   0x08002e7c   0x000001e0   Code   RO         5384    i.chassis_Init      chassis_tasks.o
    0x0800305c   0x0800305c   0x000009b0   Code   RO         5385    i.chassis_move      chassis_tasks.o
    0x08003a0c   0x08003a0c   0x0000003c   Code   RO         5044    i.delay_init        delay.o
    0x08003a48   0x08003a48   0x00000038   Code   RO         5045    i.delay_ms          delay.o
    0x08003a80   0x08003a80   0x0000004c   Code   RO         5047    i.delay_xms         delay.o
    0x08003acc   0x08003acc   0x00000018   Code   RO         5602    i.fabs              m_wm.l(fabs.o)
    0x08003ae4   0x08003ae4   0x0000008c   Code   RO         5266    i.get_pitch_yaw_measure  can.o
    0x08003b70   0x08003b70   0x00000056   Code   RO         5267    i.get_rc_measure    can.o
    0x08003bc6   0x08003bc6   0x00000002   PAD
    0x08003bc8   0x08003bc8   0x0000007c   Code   RO         5268    i.get_trigger_measure  can.o
    0x08003c44   0x08003c44   0x000001bc   Code   RO         5429    i.gimbal_Init       gimbal_tasks.o
    0x08003e00   0x08003e00   0x00000300   Code   RO         5430    i.gimbal_move       gimbal_tasks.o
    0x08004100   0x08004100   0x000000dc   Code   RO         5431    i.imu_Init          gimbal_tasks.o
    0x080041dc   0x080041dc   0x000000d8   Code   RO          188    i.main              main.o
    0x080042b4   0x080042b4   0x00000010   Code   RO         5155    i.send_data_to_chassis  rc.o
    0x080042c4   0x080042c4   0x00000090   Code   RO         5432    i.trans_data        gimbal_tasks.o
    0x08004354   0x08004354   0x000003e4   Code   RO         5433    i.trigger_move      gimbal_tasks.o
    0x08004738   0x08004738   0x000000e0   Code   RO         5105    i.uart_init         usart.o
    0x08004818   0x08004818   0x00000030   Data   RO         5539    .constdata          m_wm.l(cos_i.o)
    0x08004848   0x08004848   0x000000c8   Data   RO         5557    .constdata          m_wm.l(rred.o)
    0x08004910   0x08004910   0x00000028   Data   RO         5561    .constdata          m_wm.l(sin_i.o)
    0x08004938   0x08004938   0x00000020   Data   RO         5620    Region$$Table       anon$$obj.o


    Execution Region RW_IRAM1 (Exec base: 0x20000000, Load base: 0x08004958, Size: 0x00000c58, Max: 0x00020000, ABSOLUTE, COMPRESSED[0x00000050])

    Exec Addr    Load Addr    Size         Type   Attr      Idx    E Section Name        Object

    0x20000000   COMPRESSED   0x00000001   Data   RW          189    .data               main.o
    0x20000001   COMPRESSED   0x00000010   Data   RW         2954    .data               stm32f4xx_rcc.o
    0x20000011   COMPRESSED   0x00000001   PAD
    0x20000012   COMPRESSED   0x00000004   Data   RW         5048    .data               delay.o
    0x20000016   COMPRESSED   0x00000002   PAD
    0x20000018   COMPRESSED   0x00000008   Data   RW         5157    .data               rc.o
    0x20000020   COMPRESSED   0x00000001   Data   RW         5270    .data               can.o
    0x20000021   COMPRESSED   0x00000003   PAD
    0x20000024   COMPRESSED   0x00000054   Data   RW         5387    .data               chassis_tasks.o
    0x20000078   COMPRESSED   0x000000c4   Data   RW         5435    .data               gimbal_tasks.o
    0x2000013c   COMPRESSED   0x00000004   Data   RW         5589    .data               mc_w.l(errno.o)
    0x20000140        -       0x00000019   Zero   RW         5156    .bss                rc.o
    0x20000159   COMPRESSED   0x00000003   PAD
    0x2000015c        -       0x000000f0   Zero   RW         5269    .bss                can.o
    0x2000024c        -       0x00000388   Zero   RW         5386    .bss                chassis_tasks.o
    0x200005d4        -       0x00000282   Zero   RW         5434    .bss                gimbal_tasks.o
    0x20000856   COMPRESSED   0x00000002   PAD
    0x20000858        -       0x00000400   Zero   RW            1    STACK               startup_stm32f40xx.o


==============================================================================

Image component sizes


      Code (inc. data)   RO Data    RW Data    ZI Data      Debug   Object Name

      2146        128          0          1        240      11162   can.o
      3004        258          0         84        904       3965   chassis_tasks.o
       192         12          0          4          0       1996   delay.o
      2832        354          0        196        642      10287   gimbal_tasks.o
       104          4          0          0          0        563   led.o
       216         30          0          1          0       1396   main.o
       180         24          0          0          0     239537   misc.o
       350          6          0          0          0       2402   pid.o
       484         54          0          8         25       2509   rc.o
        36          8        392          0       1024        872   startup_stm32f40xx.o
      1726         38          0          0          0       7251   stm32f4xx_can.o
       716         72          0          0          0       5863   stm32f4xx_dma.o
       218          0          0          0          0       2350   stm32f4xx_gpio.o
        26          0          0          0          0     276930   stm32f4xx_it.o
       392         48          0         16          0       5873   stm32f4xx_rcc.o
       680         42          0          0          0       6202   stm32f4xx_usart.o
       340         32          0          0          0       1501   system_stm32f4xx.o
       252         18          0          0          0       1307   usart.o

    ----------------------------------------------------------------------
     13914       1128        424        316       2840     581966   Object Totals
         0          0         32          0          0          0   (incl. Generated)
        20          0          0          6          5          0   (incl. Padding)

    ----------------------------------------------------------------------

      Code (inc. data)   RO Data    RW Data    ZI Data      Debug   Library Member Name

       200         20          0          0          0        164   cos.o
       368         46         48          0          0        200   cos_i.o
        84         16          0          0          0        372   dunder.o
        24          0          0          0          0        124   fabs.o
        48          0          0          0          0        124   fpclassify.o
       248          0          0          0          0        152   poly.o
      1080        142        200          0          0        188   rred.o
       200         20          0          0          0        164   sin.o
       304         24         40          0          0        208   sin_i.o
        86          0          0          0          0          0   __dczerorl2.o
         0          0          0          0          0          0   entry.o
         0          0          0          0          0          0   entry10a.o
         0          0          0          0          0          0   entry11a.o
         4          0          0          0          0          0   entry12b.o
         8          4          0          0          0          0   entry2.o
         4          0          0          0          0          0   entry5.o
         0          0          0          0          0          0   entry7b.o
         0          0          0          0          0          0   entry8b.o
         8          4          0          0          0          0   entry9a.o
        12          6          0          4          0         68   errno.o
        30          0          0          0          0          0   handlers.o
        36          8          0          0          0         68   init.o
         0          0          0          0          0          0   iusefp.o
        30          0          0          0          0         68   llshl.o
        36          0          0          0          0         68   llsshr.o
        32          0          0          0          0         68   llushr.o
        56          0          0          0          0         88   d2f.o
       334          0          0          0          0        148   dadd.o
       222          0          0          0          0        100   ddiv.o
       186          0          0          0          0        176   depilogue.o
        62          0          0          0          0         80   dfixi.o
        34          0          0          0          0         76   dflti.o
        26          0          0          0          0         76   dfltui.o
       228          0          0          0          0         96   dmul.o
        38          0          0          0          0         68   f2d.o
       110          0          0          0          0        168   fepilogue.o

    ----------------------------------------------------------------------
      4150        290        288          4          0       3112   Library Totals
        12          0          0          0          0          0   (incl. Padding)

    ----------------------------------------------------------------------

      Code (inc. data)   RO Data    RW Data    ZI Data      Debug   Library Name

      2556        268        288          0          0       1696   m_wm.l
       286         22          0          4          0        340   mc_w.l
      1296          0          0          0          0       1076   mf_w.l

    ----------------------------------------------------------------------
      4150        290        288          4          0       3112   Library Totals

    ----------------------------------------------------------------------

==============================================================================


      Code (inc. data)   RO Data    RW Data    ZI Data      Debug   

     18064       1418        712        320       2840     576438   Grand Totals
     18064       1418        712         80       2840     576438   ELF Image Totals (compressed)
     18064       1418        712         80          0          0   ROM Totals

==============================================================================

    Total RO  Size (Code + RO Data)                18776 (  18.34kB)
    Total RW  Size (RW Data + ZI Data)              3160 (   3.09kB)
    Total ROM Size (Code + RO Data + RW Data)      18856 (  18.41kB)

==============================================================================

