<html>
<body>
<pre>
<h1>µVision Build Log</h1>
<h2>Tool Versions:</h2>
IDE-Version: ¦ÌVision V5.34.0.0
Copyright (C) 2021 ARM Ltd and ARM Germany GmbH. All rights reserved.
License Information: Haolin Lenovo, Zhang, LIC=6XJT4-FKMAQ-79NG1-C6TL3-2BWK8-78EFX
 
Tool Versions:
Toolchain:       MDK-ARM Professional  Version: 5.34.0.0
Toolchain Path:  D:\MDK\ARM\ARMCC\Bin
C Compiler:      Armcc.exe V5.06 update 7 (build 960)
Assembler:       Armasm.exe V5.06 update 7 (build 960)
Linker/Locator:  ArmLink.exe V5.06 update 7 (build 960)
Library Manager: ArmAr.exe V5.06 update 7 (build 960)
Hex Converter:   FromElf.exe V5.06 update 7 (build 960)
CPU DLL:         SARMCM3.DLL V5.34.0.0
Dialog DLL:      DCM.DLL V1.17.3.0
Target DLL:      CMSIS_AGDI.dll V1.32.13.0
Dialog DLL:      TCM.DLL V1.48.0.0
 
<h2>Project:</h2>
C:\Users\Lenovo\Desktop\Standard Training\Standard-Training\USER\Standard Training.uvprojx
Project File Date:  09/21/2023

<h2>Output:</h2>
*** Using Compiler 'V5.06 update 7 (build 960)', folder: 'D:\MDK\ARM\ARMCC\Bin'
Build target 'Project_RM_empty'
compiling chassis_tasks.c...
chassis_tasks.c(31): warning:  #175-D: subscript out of range
  	PID_Init(&Pid_Speed[4][2],kp_speed,ki_speed,kd_speed,16384.0f,5000.0f);
chassis_tasks.c(36): warning:  #175-D: subscript out of range
  	PID_Init(&Pid_Speed[4][3],kp_speed,ki_speed,kd_speed,16384.0f,5000.0f);
chassis_tasks.c(66): warning:  #175-D: subscript out of range
  		speed4=PID_Calc(&Pid_Speed[4][3],motor[4].speed_rpm,-set_speed3);
chassis_tasks.c(77): warning:  #175-D: subscript out of range
  		speed4=PID_Calc(&Pid_Speed[4][2],motor[4].speed_rpm,set_speed2);
chassis_tasks.c: 4 warnings, 0 errors
linking...
Program Size: Code=8916 RO-data=424 RW-data=72 ZI-data=2448  
FromELF: creating hex file...
"..\OBJ\Standard Training.axf" - 0 Error(s), 4 Warning(s).

<h2>Software Packages used:</h2>

Package Vendor: Keil
                http://www.keil.com/pack/Keil.STM32F4xx_DFP.2.12.0.pack
                Keil.STM32F4xx_DFP.2.12.0
                STMicroelectronics STM32F4 Series Device Support, Drivers and Examples

<h2>Collection of Component include folders:</h2>
  C:\Users\Lenovo\AppData\Local\Arm\Packs\Keil\STM32F4xx_DFP\2.12.0\Drivers\CMSIS\Device\ST\STM32F4xx\Include

<h2>Collection of Component Files used:</h2>
Build Time Elapsed:  00:00:01
</pre>
</body>
</html>
